
Discarded input sections

 .data          0x00000000        0x0 build/obj/crt0_v7m.o
 .bss           0x00000000        0x0 build/obj/crt0_v7m.o
 .data          0x00000000        0x0 build/obj/chcoreasm_v7m.o
 .bss           0x00000000        0x0 build/obj/chcoreasm_v7m.o
 .text          0x00000000        0x0 build/obj/crt1.o (symbol from plugin)
 .text          0x00000000        0x0 C:\Users\akudo\AppData\Local\Temp\ccupDu6t.ltrans0.ltrans.o
 .data          0x00000000        0x0 C:\Users\akudo\AppData\Local\Temp\ccupDu6t.ltrans0.ltrans.o
 .bss           0x00000000        0x0 C:\Users\akudo\AppData\Local\Temp\ccupDu6t.ltrans0.ltrans.o
 .text          0x00000000        0x0 C:\Users\akudo\AppData\Local\Temp\ccupDu6t.ltrans1.ltrans.o
 .data          0x00000000        0x0 C:\Users\akudo\AppData\Local\Temp\ccupDu6t.ltrans1.ltrans.o
 .bss           0x00000000        0x0 C:\Users\akudo\AppData\Local\Temp\ccupDu6t.ltrans1.ltrans.o
 .text          0x00000000        0x0 C:\Users\akudo\AppData\Local\Temp\ccupDu6t.ltrans2.ltrans.o
 .data          0x00000000        0x0 C:\Users\akudo\AppData\Local\Temp\ccupDu6t.ltrans2.ltrans.o
 .bss           0x00000000        0x0 C:\Users\akudo\AppData\Local\Temp\ccupDu6t.ltrans2.ltrans.o
 .text          0x00000000        0x0 C:\Users\akudo\AppData\Local\Temp\ccupDu6t.ltrans3.ltrans.o
 .data          0x00000000        0x0 C:\Users\akudo\AppData\Local\Temp\ccupDu6t.ltrans3.ltrans.o
 .bss           0x00000000        0x0 C:\Users\akudo\AppData\Local\Temp\ccupDu6t.ltrans3.ltrans.o
 .text          0x00000000        0x0 C:\Users\akudo\AppData\Local\Temp\ccupDu6t.ltrans4.ltrans.o
 .data          0x00000000        0x0 C:\Users\akudo\AppData\Local\Temp\ccupDu6t.ltrans4.ltrans.o
 .bss           0x00000000        0x0 C:\Users\akudo\AppData\Local\Temp\ccupDu6t.ltrans4.ltrans.o
 .text          0x00000000        0x0 C:\Users\akudo\AppData\Local\Temp\ccupDu6t.ltrans5.ltrans.o
 .data          0x00000000        0x0 C:\Users\akudo\AppData\Local\Temp\ccupDu6t.ltrans5.ltrans.o
 .bss           0x00000000        0x0 C:\Users\akudo\AppData\Local\Temp\ccupDu6t.ltrans5.ltrans.o
 .text          0x00000000        0x0 C:\Users\akudo\AppData\Local\Temp\ccupDu6t.ltrans6.ltrans.o
 .data          0x00000000        0x0 C:\Users\akudo\AppData\Local\Temp\ccupDu6t.ltrans6.ltrans.o
 .bss           0x00000000        0x0 C:\Users\akudo\AppData\Local\Temp\ccupDu6t.ltrans6.ltrans.o
 .text          0x00000000        0x0 C:\Users\akudo\AppData\Local\Temp\ccupDu6t.ltrans7.ltrans.o
 .data          0x00000000        0x0 C:\Users\akudo\AppData\Local\Temp\ccupDu6t.ltrans7.ltrans.o
 .bss           0x00000000        0x0 C:\Users\akudo\AppData\Local\Temp\ccupDu6t.ltrans7.ltrans.o
 .text          0x00000000        0x0 build/obj/vectors.o (symbol from plugin)
 .text          0x00000000        0x0 build/obj/chsys.o (symbol from plugin)
 .text          0x00000000        0x0 build/obj/chdebug.o (symbol from plugin)
 .text          0x00000000        0x0 build/obj/chvt.o (symbol from plugin)
 .text          0x00000000        0x0 build/obj/chschd.o (symbol from plugin)
 .text          0x00000000        0x0 build/obj/chthreads.o (symbol from plugin)
 .text          0x00000000        0x0 build/obj/chtm.o (symbol from plugin)
 .text          0x00000000        0x0 build/obj/chdynamic.o (symbol from plugin)
 .text          0x00000000        0x0 build/obj/chregistry.o (symbol from plugin)
 .text          0x00000000        0x0 build/obj/chsem.o (symbol from plugin)
 .text          0x00000000        0x0 build/obj/chmtx.o (symbol from plugin)
 .text          0x00000000        0x0 build/obj/chcond.o (symbol from plugin)
 .text          0x00000000        0x0 build/obj/chevents.o (symbol from plugin)
 .text          0x00000000        0x0 build/obj/chmsg.o (symbol from plugin)
 .text          0x00000000        0x0 build/obj/chmboxes.o (symbol from plugin)
 .text          0x00000000        0x0 build/obj/chqueues.o (symbol from plugin)
 .text          0x00000000        0x0 build/obj/chmemcore.o (symbol from plugin)
 .text          0x00000000        0x0 build/obj/chheap.o (symbol from plugin)
 .text          0x00000000        0x0 build/obj/chmempools.o (symbol from plugin)
 .text          0x00000000        0x0 build/obj/chcore.o (symbol from plugin)
 .text          0x00000000        0x0 build/obj/chcore_v7m.o (symbol from plugin)
 .text          0x00000000        0x0 build/obj/osal.o (symbol from plugin)
 .text          0x00000000        0x0 build/obj/hal.o (symbol from plugin)
 .text          0x00000000        0x0 build/obj/st.o (symbol from plugin)
 .text          0x00000000        0x0 build/obj/hal_buffers.o (symbol from plugin)
 .text          0x00000000        0x0 build/obj/hal_queues.o (symbol from plugin)
 .text          0x00000000        0x0 build/obj/hal_mmcsd.o (symbol from plugin)
 .text          0x00000000        0x0 build/obj/pal.o (symbol from plugin)
 .text          0x00000000        0x0 build/obj/serial.o (symbol from plugin)
[...]
Memory Configuration

Name             Origin             Length             Attributes
flash            0x08000000         0x00100000
ram0             0x20000000         0x00020000
ram1             0x20000000         0x0001c000
ram2             0x2001c000         0x00004000
ram3             0x00000000         0x00000000
ram4             0x10000000         0x00010000
ram5             0x40024000         0x00001000
ram6             0x00000000         0x00000000
ram7             0x00000000         0x00000000
*default*        0x00000000         0xffffffff

Linker script and memory map

LOAD build/obj/crt0_v7m.o
LOAD build/obj/chcoreasm_v7m.o
LOAD build/obj/crt1.o
LOAD C:\Users\akudo\AppData\Local\Temp\ccupDu6t.ltrans0.ltrans.o
LOAD C:\Users\akudo\AppData\Local\Temp\ccupDu6t.ltrans1.ltrans.o
LOAD C:\Users\akudo\AppData\Local\Temp\ccupDu6t.ltrans2.ltrans.o
LOAD C:\Users\akudo\AppData\Local\Temp\ccupDu6t.ltrans3.ltrans.o
LOAD C:\Users\akudo\AppData\Local\Temp\ccupDu6t.ltrans4.ltrans.o
LOAD C:\Users\akudo\AppData\Local\Temp\ccupDu6t.ltrans5.ltrans.o
LOAD C:\Users\akudo\AppData\Local\Temp\ccupDu6t.ltrans6.ltrans.o
LOAD C:\Users\akudo\AppData\Local\Temp\ccupDu6t.ltrans7.ltrans.o
LOAD c:/chibistudio/tools/gnu tools arm embedded/4.9 2015q3/bin/../lib/gcc/arm-none-eabi/4.9.3/armv7e-m\libgcc.a
LOAD c:/chibistudio/tools/gnu tools arm embedded/4.9 2015q3/bin/../lib/gcc/arm-none-eabi/4.9.3/../../../../arm-none-eabi/lib/armv7e-m\libg.a
LOAD c:/chibistudio/tools/gnu tools arm embedded/4.9 2015q3/bin/../lib/gcc/arm-none-eabi/4.9.3/../../../../arm-none-eabi/lib/armv7e-m\libc.a
LOAD build/obj/vectors.o
LOAD build/obj/chsys.o
LOAD build/obj/chdebug.o
LOAD build/obj/chvt.o
LOAD build/obj/chschd.o
LOAD build/obj/chthreads.o
LOAD build/obj/chtm.o
LOAD build/obj/chdynamic.o
LOAD build/obj/chregistry.o
LOAD build/obj/chsem.o
LOAD build/obj/chmtx.o
LOAD build/obj/chcond.o
LOAD build/obj/chevents.o
LOAD build/obj/chmsg.o
LOAD build/obj/chmboxes.o
LOAD build/obj/chqueues.o
LOAD build/obj/chmemcore.o
LOAD build/obj/chheap.o
LOAD build/obj/chmempools.o
LOAD build/obj/chcore.o
LOAD build/obj/chcore_v7m.o
LOAD build/obj/osal.o
LOAD build/obj/hal.o
LOAD build/obj/st.o
LOAD build/obj/hal_buffers.o
LOAD build/obj/hal_queues.o
LOAD build/obj/hal_mmcsd.o
LOAD build/obj/pal.o
LOAD build/obj/serial.o
LOAD build/obj/nvic.o
LOAD build/obj/hal_lld.o
LOAD build/obj/stm32_dma.o
LOAD build/obj/st_lld.o
LOAD build/obj/pal_lld.o
LOAD build/obj/serial_lld.o
LOAD build/obj/board.o
LOAD build/obj/test.o
LOAD build/obj/testthd.o
LOAD build/obj/testsem.o
LOAD build/obj/testmtx.o
LOAD build/obj/testmsg.o
LOAD build/obj/testmbox.o
LOAD build/obj/testevt.o
LOAD build/obj/testheap.o
LOAD build/obj/testpools.o
LOAD build/obj/testdyn.o
LOAD build/obj/testqueues.o
LOAD build/obj/testsys.o
LOAD build/obj/testbmk.o
LOAD build/obj/main.o
                0x20000000                __ram0_start__ = ORIGIN (ram0)
                0x00020000                __ram0_size__ = 0x20000
                0x20020000                __ram0_end__ = (__ram0_start__ + __ram0_size__)
                0x20000000                __ram1_start__ = ORIGIN (ram1)
                0x0001c000                __ram1_size__ = 0x1c000
                0x2001c000                __ram1_end__ = (__ram1_start__ + __ram1_size__)
                0x2001c000                __ram2_start__ = ORIGIN (ram2)
                0x00004000                __ram2_size__ = 0x4000
                0x20020000                __ram2_end__ = (__ram2_start__ + __ram2_size__)
                0x00000000                __ram3_start__ = ORIGIN (ram3)
                0x00000000                __ram3_size__ = 0x0
                0x00000000                __ram3_end__ = (__ram3_start__ + __ram3_size__)
                0x10000000                __ram4_start__ = ORIGIN (ram4)
                0x00010000                __ram4_size__ = 0x10000
                0x10010000                __ram4_end__ = (__ram4_start__ + __ram4_size__)
                0x40024000                __ram5_start__ = ORIGIN (ram5)
                0x00001000                __ram5_size__ = 0x1000
                0x40025000                __ram5_end__ = (__ram5_start__ + __ram5_size__)
                0x00000000                __ram6_start__ = ORIGIN (ram6)
                0x00000000                __ram6_size__ = 0x0
                0x00000000                __ram6_end__ = (__ram6_start__ + __ram6_size__)
                0x00000000                __ram7_start__ = ORIGIN (ram7)
                0x00000000                __ram7_size__ = 0x0
                0x00000000                __ram7_end__ = (__ram7_start__ + __ram7_size__)
                0x00000000                . = 0x0
                0x00000000                _text = .

startup         0x08000000      0x1c0
 *(.vectors)
 .vectors       0x08000000      0x1c0 C:\Users\akudo\AppData\Local\Temp\ccupDu6t.ltrans4.ltrans.o
                0x08000000                _vectors

constructors    0x080001c0        0x0
                0x080001c0                __init_array_start = .
 *(SORT(.init_array.*))
 *(.init_array)
                0x080001c0                __init_array_end = .

destructors     0x080001c0        0x0
                0x080001c0                __fini_array_start = .
 *(.fini_array)
 *(SORT(.fini_array.*))
                0x080001c0                __fini_array_end = .

.text           0x080001c0     0x6990
 *(.text)
 .text          0x080001c0       0xc4 build/obj/crt0_v7m.o
                0x080001c0                Reset_Handler
 *fill*         0x08000284        0xc 
 .text          0x08000290       0x28 build/obj/chcoreasm_v7m.o
                0x08000290                _port_switch
                0x080002a0                _port_thread_start
                0x080002b0                _port_switch_from_isr
                0x080002b4                _port_exit_from_isr
 *(.text.*)
 *fill*         0x080002b8        0x8 
 .text.bmk12_setup
                0x080002c0       0x10 C:\Users\akudo\AppData\Local\Temp\ccupDu6t.ltrans0.ltrans.o
 .text.bmk11_setup
                0x080002d0       0x10 C:\Users\akudo\AppData\Local\Temp\ccupDu6t.ltrans0.ltrans.o
 .text.tmo      0x080002e0        0x4 C:\Users\akudo\AppData\Local\Temp\ccupDu6t.ltrans0.ltrans.o
 *fill*         0x080002e4        0xc 
 .text.Thread1  0x080002f0       0x34 C:\Users\akudo\AppData\Local\Temp\ccupDu6t.ltrans0.ltrans.o
 *fill*         0x08000324        0xc 
 .text.bmk13_execute
                0x08000330       0xec C:\Users\akudo\AppData\Local\Temp\ccupDu6t.ltrans0.ltrans.o
 *fill*         0x0800041c        0x4 
 .text.bmk12_execute
                0x08000420       0x6c C:\Users\akudo\AppData\Local\Temp\ccupDu6t.ltrans0.ltrans.o
 *fill*         0x0800048c        0x4 
 .text.bmk11_execute
                0x08000490       0x6c C:\Users\akudo\AppData\Local\Temp\ccupDu6t.ltrans0.ltrans.o
 *fill*         0x080004fc        0x4 
 .text.bmk10_execute
                0x08000500       0x78 C:\Users\akudo\AppData\Local\Temp\ccupDu6t.ltrans0.ltrans.o
 *fill*         0x08000578        0x8 
 .text.bmk9_execute
                0x08000580       0xb0 C:\Users\akudo\AppData\Local\Temp\ccupDu6t.ltrans0.ltrans.o
 .text.bmk8_execute
                0x08000630       0xdc C:\Users\akudo\AppData\Local\Temp\ccupDu6t.ltrans0.ltrans.o
 *fill*         0x0800070c        0x4 
 .text.thread8  0x08000710       0x2c C:\Users\akudo\AppData\Local\Temp\ccupDu6t.ltrans0.ltrans.o
 *fill*         0x0800073c        0x4 
 .text.bmk7_execute
                0x08000740      0x124 C:\Users\akudo\AppData\Local\Temp\ccupDu6t.ltrans0.ltrans.o
 *fill*         0x08000864        0xc 
 .text.startup.main
                0x08000870      0x7d8 C:\Users\akudo\AppData\Local\Temp\ccupDu6t.ltrans0.ltrans.o
                0x08000870                main
 *fill*         0x08001048        0x8 
 .text.bmk7_setup.lto_priv.132
                0x08001050       0x10 C:\Users\akudo\AppData\Local\Temp\ccupDu6t.ltrans1.ltrans.o
                0x08001050                bmk7_setup.lto_priv.132
 .text.sys2_execute.lto_priv.78
                0x08001060       0x1c C:\Users\akudo\AppData\Local\Temp\ccupDu6t.ltrans1.ltrans.o
                0x08001060                sys2_execute.lto_priv.78
 *fill*         0x0800107c        0x4 
 .text.notify   0x08001080        0x4 C:\Users\akudo\AppData\Local\Temp\ccupDu6t.ltrans1.ltrans.o
 *fill*         0x08001084        0xc 
 .text.queues2_setup.lto_priv.124
                0x08001090       0x30 C:\Users\akudo\AppData\Local\Temp\ccupDu6t.ltrans1.ltrans.o
                0x08001090                queues2_setup.lto_priv.124
 .text.queues1_setup.lto_priv.122
                0x080010c0       0x30 C:\Users\akudo\AppData\Local\Temp\ccupDu6t.ltrans1.ltrans.o
                0x080010c0                queues1_setup.lto_priv.122
 .text.dyn3_setup.lto_priv.120
                0x080010f0       0x30 C:\Users\akudo\AppData\Local\Temp\ccupDu6t.ltrans1.ltrans.o
                0x080010f0                dyn3_setup.lto_priv.120
 .text.thread3.lto_priv.68
                0x08001120       0x24 C:\Users\akudo\AppData\Local\Temp\ccupDu6t.ltrans1.ltrans.o
                0x08001120                thread3.lto_priv.68
 *fill*         0x08001144        0xc 
 .text.bmk6_execute.lto_priv.131
                0x08001150       0x64 C:\Users\akudo\AppData\Local\Temp\ccupDu6t.ltrans1.ltrans.o
                0x08001150                bmk6_execute.lto_priv.131
 *fill*         0x080011b4        0xc 
 .text.bmk5_execute.lto_priv.130
                0x080011c0       0x68 C:\Users\akudo\AppData\Local\Temp\ccupDu6t.ltrans1.ltrans.o
                0x080011c0                bmk5_execute.lto_priv.130
 *fill*         0x08001228        0x8 
 .text.bmk4_execute.lto_priv.129
                0x08001230       0xb8 C:\Users\akudo\AppData\Local\Temp\ccupDu6t.ltrans1.ltrans.o
                0x08001230                bmk4_execute.lto_priv.129
 *fill*         0x080012e8        0x8 
 .text.thread4  0x080012f0       0x24 C:\Users\akudo\AppData\Local\Temp\ccupDu6t.ltrans1.ltrans.o
 *fill*         0x08001314        0xc 
 .text.thread2.lto_priv.138
                0x08001320       0x20 C:\Users\akudo\AppData\Local\Temp\ccupDu6t.ltrans1.ltrans.o
 .text.msg_loop_test
                0x08001340       0x30 C:\Users\akudo\AppData\Local\Temp\ccupDu6t.ltrans1.ltrans.o
 .text.bmk3_execute.lto_priv.128
                0x08001370       0xd8 C:\Users\akudo\AppData\Local\Temp\ccupDu6t.ltrans1.ltrans.o
                0x08001370                bmk3_execute.lto_priv.128
 *fill*         0x08001448        0x8 
 .text.bmk2_execute.lto_priv.127
                0x08001450       0x6c C:\Users\akudo\AppData\Local\Temp\ccupDu6t.ltrans1.ltrans.o
                0x08001450                bmk2_execute.lto_priv.127
 *fill*         0x080014bc        0x4 
 .text.bmk1_execute.lto_priv.126
                0x080014c0       0x6c C:\Users\akudo\AppData\Local\Temp\ccupDu6t.ltrans1.ltrans.o
                0x080014c0                bmk1_execute.lto_priv.126
 *fill*         0x0800152c        0x4 
 .text.sys3_execute.lto_priv.79
                0x08001530       0x84 C:\Users\akudo\AppData\Local\Temp\ccupDu6t.ltrans1.ltrans.o
                0x08001530                sys3_execute.lto_priv.79
 *fill*         0x080015b4        0xc 
 .text.sys1_execute.lto_priv.77
                0x080015c0       0xb4 C:\Users\akudo\AppData\Local\Temp\ccupDu6t.ltrans1.ltrans.o
                0x080015c0                sys1_execute.lto_priv.77
 *fill*         0x08001674        0xc 
 .text.vtcb     0x08001680       0x28 C:\Users\akudo\AppData\Local\Temp\ccupDu6t.ltrans1.ltrans.o
 *fill*         0x080016a8        0x8 
 .text.thread2.lto_priv.137
                0x080016b0       0x10 C:\Users\akudo\AppData\Local\Temp\ccupDu6t.ltrans1.ltrans.o
 .text.queues2_execute.lto_priv.125
                0x080016c0      0x268 C:\Users\akudo\AppData\Local\Temp\ccupDu6t.ltrans1.ltrans.o
                0x080016c0                queues2_execute.lto_priv.125
 *fill*         0x08001928        0x8 
 .text.thread1.lto_priv.135
                0x08001930       0x10 C:\Users\akudo\AppData\Local\Temp\ccupDu6t.ltrans1.ltrans.o
 .text.queues1_execute.lto_priv.123
                0x08001940      0x28c C:\Users\akudo\AppData\Local\Temp\ccupDu6t.ltrans1.ltrans.o
                0x08001940                queues1_execute.lto_priv.123
 *fill*         0x08001bcc        0x4 
 .text.regfind  0x08001bd0       0x54 C:\Users\akudo\AppData\Local\Temp\ccupDu6t.ltrans1.ltrans.o
 *fill*         0x08001c24        0xc 
 .text.dyn3_execute.lto_priv.121
                0x08001c30      0x124 C:\Users\akudo\AppData\Local\Temp\ccupDu6t.ltrans1.ltrans.o
                0x08001c30                dyn3_execute.lto_priv.121
 *fill*         0x08001d54        0xc 
 .text.thread1.lto_priv.136
                0x08001d60        0x4 C:\Users\akudo\AppData\Local\Temp\ccupDu6t.ltrans1.ltrans.o
 *fill*         0x08001d64        0xc 
 .text.dyn2_setup.lto_priv.118
                0x08001d70       0x14 C:\Users\akudo\AppData\Local\Temp\ccupDu6t.ltrans2.ltrans.o
                0x08001d70                dyn2_setup.lto_priv.118
 *fill*         0x08001d84        0xc 
 .text.dyn1_setup.lto_priv.116
                0x08001d90       0x30 C:\Users\akudo\AppData\Local\Temp\ccupDu6t.ltrans2.ltrans.o
                0x08001d90                dyn1_setup.lto_priv.116
 .text.null_provider
                0x08001dc0        0x4 C:\Users\akudo\AppData\Local\Temp\ccupDu6t.ltrans2.ltrans.o
 *fill*         0x08001dc4        0xc 
 .text.pools1_setup.lto_priv.114
                0x08001dd0       0x14 C:\Users\akudo\AppData\Local\Temp\ccupDu6t.ltrans2.ltrans.o
                0x08001dd0                pools1_setup.lto_priv.114
 *fill*         0x08001de4        0xc 
 .text.heap1_setup.lto_priv.112
                0x08001df0       0x30 C:\Users\akudo\AppData\Local\Temp\ccupDu6t.ltrans2.ltrans.o
                0x08001df0                heap1_setup.lto_priv.112
 .text.pools1_execute.lto_priv.115
                0x08001e20       0xd0 C:\Users\akudo\AppData\Local\Temp\ccupDu6t.ltrans2.ltrans.o
                0x08001e20                pools1_execute.lto_priv.115
 .text.dyn2_execute.lto_priv.119
                0x08001ef0       0xe8 C:\Users\akudo\AppData\Local\Temp\ccupDu6t.ltrans2.ltrans.o
                0x08001ef0                dyn2_execute.lto_priv.119
 *fill*         0x08001fd8        0x8 
 .text.thread.lto_priv.64
                0x08001fe0        0x8 C:\Users\akudo\AppData\Local\Temp\ccupDu6t.ltrans2.ltrans.o
                0x08001fe0                thread.lto_priv.64
 *fill*         0x08001fe8        0x8 
 .text.dyn1_execute.lto_priv.117
                0x08001ff0       0xd0 C:\Users\akudo\AppData\Local\Temp\ccupDu6t.ltrans2.ltrans.o
                0x08001ff0                dyn1_execute.lto_priv.117
 .text.heap1_execute.lto_priv.113
                0x080020c0      0x240 C:\Users\akudo\AppData\Local\Temp\ccupDu6t.ltrans2.ltrans.o
                0x080020c0                heap1_execute.lto_priv.113
 .text.evt3_execute.lto_priv.111
                0x08002300      0x15c C:\Users\akudo\AppData\Local\Temp\ccupDu6t.ltrans2.ltrans.o
                0x08002300                evt3_execute.lto_priv.111
 *fill*         0x0800245c        0x4 
 .text.evt3_setup.lto_priv.110
                0x08002460        0x4 C:\Users\akudo\AppData\Local\Temp\ccupDu6t.ltrans2.ltrans.o
                0x08002460                evt3_setup.lto_priv.110
 *fill*         0x08002464        0xc 
 .text.evt2_setup.lto_priv.108
                0x08002470        0x4 C:\Users\akudo\AppData\Local\Temp\ccupDu6t.ltrans2.ltrans.o
                0x08002470                evt2_setup.lto_priv.108
 *fill*         0x08002474        0xc 
 .text.evt2_execute.lto_priv.109
                0x08002480      0x2cc C:\Users\akudo\AppData\Local\Temp\ccupDu6t.ltrans2.ltrans.o
                0x08002480                evt2_execute.lto_priv.109
 *fill*         0x0800274c        0x4 
 .text.thread2  0x08002750       0x40 C:\Users\akudo\AppData\Local\Temp\ccupDu6t.ltrans2.ltrans.o
 .text.thread1  0x08002790       0x28 C:\Users\akudo\AppData\Local\Temp\ccupDu6t.ltrans2.ltrans.o
 *fill*         0x080027b8        0x8 
 .text.mtx6_setup.lto_priv.97
                0x080027c0       0x1c C:\Users\akudo\AppData\Local\Temp\ccupDu6t.ltrans3.ltrans.o
                0x080027c0                mtx6_setup.lto_priv.97
 *fill*         0x080027dc        0x4 
 .text.mtx5_setup.lto_priv.95
                0x080027e0       0x10 C:\Users\akudo\AppData\Local\Temp\ccupDu6t.ltrans3.ltrans.o
                0x080027e0                mtx5_setup.lto_priv.95
 .text.mtx4_setup.lto_priv.93
                0x080027f0       0x1c C:\Users\akudo\AppData\Local\Temp\ccupDu6t.ltrans3.ltrans.o
                0x080027f0                mtx4_setup.lto_priv.93
 *fill*         0x0800280c        0x4 
 .text.mtx1_setup.lto_priv.91
                0x08002810       0x10 C:\Users\akudo\AppData\Local\Temp\ccupDu6t.ltrans3.ltrans.o
                0x08002810                mtx1_setup.lto_priv.91
 .text.sem3_setup.lto_priv.88
                0x08002820       0x10 C:\Users\akudo\AppData\Local\Temp\ccupDu6t.ltrans3.ltrans.o
                0x08002820                sem3_setup.lto_priv.88
 .text.sem2_setup.lto_priv.86
                0x08002830       0x10 C:\Users\akudo\AppData\Local\Temp\ccupDu6t.ltrans3.ltrans.o
                0x08002830                sem2_setup.lto_priv.86
 .text.sem1_setup.lto_priv.84
                0x08002840       0x10 C:\Users\akudo\AppData\Local\Temp\ccupDu6t.ltrans3.ltrans.o
                0x08002840                sem1_setup.lto_priv.84
 .text.mtx5_execute.lto_priv.96
                0x08002850       0xfc C:\Users\akudo\AppData\Local\Temp\ccupDu6t.ltrans3.ltrans.o
                0x08002850                mtx5_execute.lto_priv.96
 *fill*         0x0800294c        0x4 
 .text.mtx4_execute.lto_priv.94
                0x08002950      0x258 C:\Users\akudo\AppData\Local\Temp\ccupDu6t.ltrans3.ltrans.o
                0x08002950                mtx4_execute.lto_priv.94
 *fill*         0x08002ba8        0x8 
 .text.thread4a
                0x08002bb0       0x20 C:\Users\akudo\AppData\Local\Temp\ccupDu6t.ltrans3.ltrans.o
 .text.thread4b
                0x08002bd0       0x20 C:\Users\akudo\AppData\Local\Temp\ccupDu6t.ltrans3.ltrans.o
 .text.mtx1_execute.lto_priv.92
                0x08002bf0       0xe4 C:\Users\akudo\AppData\Local\Temp\ccupDu6t.ltrans3.ltrans.o
                0x08002bf0                mtx1_execute.lto_priv.92
 *fill*         0x08002cd4        0xc 
 .text.thread1.lto_priv.153
                0x08002ce0       0x20 C:\Users\akudo\AppData\Local\Temp\ccupDu6t.ltrans3.ltrans.o
 .text.thread1.lto_priv.152
                0x08002d00       0x18 C:\Users\akudo\AppData\Local\Temp\ccupDu6t.ltrans3.ltrans.o
 *fill*         0x08002d18        0x8 
 .text.thread4  0x08002d20       0x2c C:\Users\akudo\AppData\Local\Temp\ccupDu6t.ltrans3.ltrans.o
 *fill*         0x08002d4c        0x4 
 .text.thread2  0x08002d50       0x28 C:\Users\akudo\AppData\Local\Temp\ccupDu6t.ltrans3.ltrans.o
 *fill*         0x08002d78        0x8 
 .text.sem4_execute.lto_priv.90
                0x08002d80      0x160 C:\Users\akudo\AppData\Local\Temp\ccupDu6t.ltrans3.ltrans.o
                0x08002d80                sem4_execute.lto_priv.90
 .text.sem3_execute.lto_priv.89
                0x08002ee0       0x90 C:\Users\akudo\AppData\Local\Temp\ccupDu6t.ltrans3.ltrans.o
                0x08002ee0                sem3_execute.lto_priv.89
 .text.thread3  0x08002f70       0x18 C:\Users\akudo\AppData\Local\Temp\ccupDu6t.ltrans3.ltrans.o
 *fill*         0x08002f88        0x8 
 .text.sem2_execute.lto_priv.87
                0x08002f90      0x174 C:\Users\akudo\AppData\Local\Temp\ccupDu6t.ltrans3.ltrans.o
                0x08002f90                sem2_execute.lto_priv.87
 *fill*         0x08003104        0xc 
 .text.sem1_execute.lto_priv.85
                0x08003110      0x16c C:\Users\akudo\AppData\Local\Temp\ccupDu6t.ltrans3.ltrans.o
                0x08003110                sem1_execute.lto_priv.85
 *fill*         0x0800327c        0x4 
 .text.thd4_execute.lto_priv.83
                0x08003280       0xb4 C:\Users\akudo\AppData\Local\Temp\ccupDu6t.ltrans3.ltrans.o
                0x08003280                thd4_execute.lto_priv.83
 *fill*         0x08003334        0xc 
 .text.thd3_execute.lto_priv.82
                0x08003340      0x12c C:\Users\akudo\AppData\Local\Temp\ccupDu6t.ltrans3.ltrans.o
                0x08003340                thd3_execute.lto_priv.82
 *fill*         0x0800346c        0x4 
 .text.tmr.lto_priv.65
                0x08003470        0xc C:\Users\akudo\AppData\Local\Temp\ccupDu6t.ltrans4.ltrans.o
                0x08003470                tmr.lto_priv.65
 *fill*         0x0800347c        0x4 
 .text.notify2.lto_priv.67
                0x08003480       0x10 C:\Users\akudo\AppData\Local\Temp\ccupDu6t.ltrans4.ltrans.o
                0x08003480                notify2.lto_priv.67
 .text._port_irq_epilogue
                0x08003490       0x54 C:\Users\akudo\AppData\Local\Temp\ccupDu6t.ltrans4.ltrans.o
 *fill*         0x080034e4        0xc 
 .text.VectorB0
                0x080034f0       0xa0 C:\Users\akudo\AppData\Local\Temp\ccupDu6t.ltrans4.ltrans.o
 .text.SVC_Handler
                0x08003590       0x14 C:\Users\akudo\AppData\Local\Temp\ccupDu6t.ltrans4.ltrans.o
 *fill*         0x080035a4        0xc 
 .text.chCoreAlloc
                0x080035b0       0x38 C:\Users\akudo\AppData\Local\Temp\ccupDu6t.ltrans4.ltrans.o
                0x080035b0                chCoreAlloc
 *fill*         0x080035e8        0x8 
 .text.print_line.lto_priv.133
                0x080035f0       0x30 C:\Users\akudo\AppData\Local\Temp\ccupDu6t.ltrans4.ltrans.o
                0x080035f0                print_line.lto_priv.133
 .text.test_wait_tick
                0x08003620       0x1c C:\Users\akudo\AppData\Local\Temp\ccupDu6t.ltrans4.ltrans.o
                0x08003620                test_wait_tick
 *fill*         0x0800363c        0x4 
 .text.test_wait_threads
                0x08003640       0x24 C:\Users\akudo\AppData\Local\Temp\ccupDu6t.ltrans4.ltrans.o
                0x08003640                test_wait_threads
 *fill*         0x08003664        0xc 
 .text.test_terminate_threads
                0x08003670       0x30 C:\Users\akudo\AppData\Local\Temp\ccupDu6t.ltrans4.ltrans.o
                0x08003670                test_terminate_threads
 .text._test_assert_time_window
                0x080036a0       0x40 C:\Users\akudo\AppData\Local\Temp\ccupDu6t.ltrans4.ltrans.o
                0x080036a0                _test_assert_time_window
 .text._test_assert_sequence
                0x080036e0       0x50 C:\Users\akudo\AppData\Local\Temp\ccupDu6t.ltrans4.ltrans.o
                0x080036e0                _test_assert_sequence
 .text.thd2_execute.lto_priv.81
                0x08003730      0x150 C:\Users\akudo\AppData\Local\Temp\ccupDu6t.ltrans4.ltrans.o
                0x08003730                thd2_execute.lto_priv.81
 .text.thd1_execute.lto_priv.80
                0x08003880       0xc8 C:\Users\akudo\AppData\Local\Temp\ccupDu6t.ltrans4.ltrans.o
                0x08003880                thd1_execute.lto_priv.80
 *fill*         0x08003948        0x8 
 .text._test_assert
                0x08003950       0x2c C:\Users\akudo\AppData\Local\Temp\ccupDu6t.ltrans4.ltrans.o
                0x08003950                _test_assert
 *fill*         0x0800397c        0x4 
 .text.test_emit_token
                0x08003980       0x1c C:\Users\akudo\AppData\Local\Temp\ccupDu6t.ltrans4.ltrans.o
                0x08003980                test_emit_token
 *fill*         0x0800399c        0x4 
 .text.thread   0x080039a0        0x8 C:\Users\akudo\AppData\Local\Temp\ccupDu6t.ltrans4.ltrans.o
 *fill*         0x080039a8        0x8 
 .text.test_println
                0x080039b0       0x34 C:\Users\akudo\AppData\Local\Temp\ccupDu6t.ltrans4.ltrans.o
                0x080039b0                test_println
 *fill*         0x080039e4        0xc 
 .text.test_print
                0x080039f0       0x20 C:\Users\akudo\AppData\Local\Temp\ccupDu6t.ltrans4.ltrans.o
                0x080039f0                test_print
 .text.test_printn
                0x08003a10       0x5c C:\Users\akudo\AppData\Local\Temp\ccupDu6t.ltrans4.ltrans.o
                0x08003a10                test_printn
 *fill*         0x08003a6c        0x4 
 .text.__early_init
                0x08003a70       0xc8 C:\Users\akudo\AppData\Local\Temp\ccupDu6t.ltrans4.ltrans.o
                0x08003a70                __early_init
 *fill*         0x08003b38        0x8 
 .text.chPoolAlloc
                0x08003b40       0x2c C:\Users\akudo\AppData\Local\Temp\ccupDu6t.ltrans4.ltrans.o
                0x08003b40                chPoolAlloc
 *fill*         0x08003b6c        0x4 
 .text.chHeapStatus
                0x08003b70       0x44 C:\Users\akudo\AppData\Local\Temp\ccupDu6t.ltrans4.ltrans.o
                0x08003b70                chHeapStatus
 *fill*         0x08003bb4        0xc 
 .text.chHeapFree
                0x08003bc0       0x94 C:\Users\akudo\AppData\Local\Temp\ccupDu6t.ltrans4.ltrans.o
                0x08003bc0                chHeapFree
 *fill*         0x08003c54        0xc 
 .text.chHeapAlloc
                0x08003c60       0x8c C:\Users\akudo\AppData\Local\Temp\ccupDu6t.ltrans4.ltrans.o
                0x08003c60                chHeapAlloc
 *fill*         0x08003cec        0x4 
 .text.chOQWriteTimeout
                0x08003cf0       0x84 C:\Users\akudo\AppData\Local\Temp\ccupDu6t.ltrans4.ltrans.o
                0x08003cf0                chOQWriteTimeout
 *fill*         0x08003d74        0xc 
 .text.writet.lto_priv.75
                0x08003d80        0x8 C:\Users\akudo\AppData\Local\Temp\ccupDu6t.ltrans4.ltrans.o
                0x08003d80                writet.lto_priv.75
 *fill*         0x08003d88        0x8 
 .text.write.lto_priv.69
                0x08003d90        0xc C:\Users\akudo\AppData\Local\Temp\ccupDu6t.ltrans4.ltrans.o
                0x08003d90                write.lto_priv.69
 *fill*         0x08003d9c        0x4 
 .text.chOQGetI
                0x08003da0       0x48 C:\Users\akudo\AppData\Local\Temp\ccupDu6t.ltrans4.ltrans.o
                0x08003da0                chOQGetI
 *fill*         0x08003de8        0x8 
 .text.chOQPutTimeout
                0x08003df0       0x54 C:\Users\akudo\AppData\Local\Temp\ccupDu6t.ltrans4.ltrans.o
                0x08003df0                chOQPutTimeout
 *fill*         0x08003e44        0xc 
 .text.putt.lto_priv.73
                0x08003e50        0x8 C:\Users\akudo\AppData\Local\Temp\ccupDu6t.ltrans4.ltrans.o
                0x08003e50                putt.lto_priv.73
 *fill*         0x08003e58        0x8 
 .text.put.lto_priv.71
                0x08003e60        0xc C:\Users\akudo\AppData\Local\Temp\ccupDu6t.ltrans4.ltrans.o
                0x08003e60                put.lto_priv.71
 *fill*         0x08003e6c        0x4 
 .text.chIQReadTimeout
                0x08003e70       0x78 C:\Users\akudo\AppData\Local\Temp\ccupDu6t.ltrans4.ltrans.o
                0x08003e70                chIQReadTimeout
 *fill*         0x08003ee8        0x8 
 .text.readt.lto_priv.76
                0x08003ef0        0x8 C:\Users\akudo\AppData\Local\Temp\ccupDu6t.ltrans4.ltrans.o
                0x08003ef0                readt.lto_priv.76
 *fill*         0x08003ef8        0x8 
 .text.read.lto_priv.70
                0x08003f00        0xc C:\Users\akudo\AppData\Local\Temp\ccupDu6t.ltrans4.ltrans.o
                0x08003f00                read.lto_priv.70
 *fill*         0x08003f0c        0x4 
 .text.chIQGetTimeout
                0x08003f10       0x50 C:\Users\akudo\AppData\Local\Temp\ccupDu6t.ltrans4.ltrans.o
                0x08003f10                chIQGetTimeout
 .text.gett.lto_priv.74
                0x08003f60        0x8 C:\Users\akudo\AppData\Local\Temp\ccupDu6t.ltrans4.ltrans.o
                0x08003f60                gett.lto_priv.74
 *fill*         0x08003f68        0x8 
 .text.get.lto_priv.72
                0x08003f70        0xc C:\Users\akudo\AppData\Local\Temp\ccupDu6t.ltrans4.ltrans.o
                0x08003f70                get.lto_priv.72
 *fill*         0x08003f7c        0x4 
 .text.chIQPutI
                0x08003f80       0x54 C:\Users\akudo\AppData\Local\Temp\ccupDu6t.ltrans4.ltrans.o
                0x08003f80                chIQPutI
 *fill*         0x08003fd4        0xc 
 .text.VectorD8
                0x08003fe0      0x144 C:\Users\akudo\AppData\Local\Temp\ccupDu6t.ltrans4.ltrans.o
 *fill*         0x08004124        0xc 
 .text.chMsgWait
                0x08004130       0x3c C:\Users\akudo\AppData\Local\Temp\ccupDu6t.ltrans4.ltrans.o
                0x08004130                chMsgWait
 *fill*         0x0800416c        0x4 
 .text.chMsgSend
                0x08004170       0x40 C:\Users\akudo\AppData\Local\Temp\ccupDu6t.ltrans4.ltrans.o
                0x08004170                chMsgSend
 .text.chEvtSignalI
                0x080041b0       0x2c C:\Users\akudo\AppData\Local\Temp\ccupDu6t.ltrans4.ltrans.o
                0x080041b0                chEvtSignalI
 *fill*         0x080041dc        0x4 
 .text.mbox1_setup.lto_priv.104
                0x080041e0       0x38 C:\Users\akudo\AppData\Local\Temp\ccupDu6t.ltrans5.ltrans.o
                0x080041e0                mbox1_setup.lto_priv.104
 *fill*         0x08004218        0x8 
 .text.mtx8_setup.lto_priv.101
                0x08004220       0x28 C:\Users\akudo\AppData\Local\Temp\ccupDu6t.ltrans5.ltrans.o
                0x08004220                mtx8_setup.lto_priv.101
 *fill*         0x08004248        0x8 
 .text.mtx7_setup.lto_priv.99
                0x08004250       0x1c C:\Users\akudo\AppData\Local\Temp\ccupDu6t.ltrans5.ltrans.o
                0x08004250                mtx7_setup.lto_priv.99
 *fill*         0x0800426c        0x4 
 .text.evt1_execute.lto_priv.107
                0x08004270       0xe0 C:\Users\akudo\AppData\Local\Temp\ccupDu6t.ltrans5.ltrans.o
                0x08004270                evt1_execute.lto_priv.107
 .text.h3       0x08004350        0x8 C:\Users\akudo\AppData\Local\Temp\ccupDu6t.ltrans5.ltrans.o
 *fill*         0x08004358        0x8 
 .text.h2       0x08004360        0x8 C:\Users\akudo\AppData\Local\Temp\ccupDu6t.ltrans5.ltrans.o
 *fill*         0x08004368        0x8 
 .text.h1       0x08004370        0x8 C:\Users\akudo\AppData\Local\Temp\ccupDu6t.ltrans5.ltrans.o
 *fill*         0x08004378        0x8 
 .text.evt1_setup.lto_priv.106
                0x08004380        0x4 C:\Users\akudo\AppData\Local\Temp\ccupDu6t.ltrans5.ltrans.o
                0x08004380                evt1_setup.lto_priv.106
 *fill*         0x08004384        0xc 
 .text.mbox1_execute.lto_priv.105
                0x08004390      0x5d4 C:\Users\akudo\AppData\Local\Temp\ccupDu6t.ltrans5.ltrans.o
                0x08004390                mbox1_execute.lto_priv.105
 *fill*         0x08004964        0xc 
 .text.thread   0x08004970       0x20 C:\Users\akudo\AppData\Local\Temp\ccupDu6t.ltrans5.ltrans.o
 .text.msg1_execute.lto_priv.103
                0x08004990       0x94 C:\Users\akudo\AppData\Local\Temp\ccupDu6t.ltrans5.ltrans.o
                0x08004990                msg1_execute.lto_priv.103
 *fill*         0x08004a24        0xc 
 .text.mtx8_execute.lto_priv.102
                0x08004a30       0x90 C:\Users\akudo\AppData\Local\Temp\ccupDu6t.ltrans5.ltrans.o
                0x08004a30                mtx8_execute.lto_priv.102
 .text.thread12
                0x08004ac0       0x20 C:\Users\akudo\AppData\Local\Temp\ccupDu6t.ltrans5.ltrans.o
 .text.thread11
                0x08004ae0       0x84 C:\Users\akudo\AppData\Local\Temp\ccupDu6t.ltrans5.ltrans.o
 *fill*         0x08004b64        0xc 
 .text.thread10
                0x08004b70       0x6c C:\Users\akudo\AppData\Local\Temp\ccupDu6t.ltrans5.ltrans.o
 *fill*         0x08004bdc        0x4 
 .text.mtx7_execute.lto_priv.100
                0x08004be0       0xf0 C:\Users\akudo\AppData\Local\Temp\ccupDu6t.ltrans5.ltrans.o
                0x08004be0                mtx7_execute.lto_priv.100
 .text.mtx6_execute.lto_priv.98
                0x08004cd0       0xdc C:\Users\akudo\AppData\Local\Temp\ccupDu6t.ltrans5.ltrans.o
                0x08004cd0                mtx6_execute.lto_priv.98
 *fill*         0x08004dac        0x4 
 .text.wakeup.lto_priv.149
                0x08004db0       0x70 C:\Users\akudo\AppData\Local\Temp\ccupDu6t.ltrans6.ltrans.o
                0x08004db0                wakeup.lto_priv.149
 .text._idle_thread.lto_priv.66
                0x08004e20        0x4 C:\Users\akudo\AppData\Local\Temp\ccupDu6t.ltrans6.ltrans.o
                0x08004e20                _idle_thread.lto_priv.66
 *fill*         0x08004e24        0xc 
 .text.chSchDoRescheduleAhead
                0x08004e30       0x3c C:\Users\akudo\AppData\Local\Temp\ccupDu6t.ltrans6.ltrans.o
 *fill*         0x08004e6c        0x4 
 .text.chEvtBroadcastFlagsI
                0x08004e70       0x2c C:\Users\akudo\AppData\Local\Temp\ccupDu6t.ltrans6.ltrans.o
                0x08004e70                chEvtBroadcastFlagsI
 *fill*         0x08004e9c        0x4 
 .text.chEvtUnregister
                0x08004ea0       0x2c C:\Users\akudo\AppData\Local\Temp\ccupDu6t.ltrans6.ltrans.o
                0x08004ea0                chEvtUnregister
 *fill*         0x08004ecc        0x4 
 .text.chThdRelease
                0x08004ed0       0x74 C:\Users\akudo\AppData\Local\Temp\ccupDu6t.ltrans6.ltrans.o
                0x08004ed0                chThdRelease
 *fill*         0x08004f44        0xc 
 .text.chTMStopMeasurementX
                0x08004f50       0x44 C:\Users\akudo\AppData\Local\Temp\ccupDu6t.ltrans6.ltrans.o
                0x08004f50                chTMStopMeasurementX
 *fill*         0x08004f94        0xc 
 .text.chThdYield
                0x08004fa0       0x54 C:\Users\akudo\AppData\Local\Temp\ccupDu6t.ltrans6.ltrans.o
                0x08004fa0                chThdYield
 *fill*         0x08004ff4        0xc 
 .text.chSchDoReschedule
                0x08005000        0x4 C:\Users\akudo\AppData\Local\Temp\ccupDu6t.ltrans6.ltrans.o
                0x08005000                chSchDoReschedule
 *fill*         0x08005004        0xc 
 .text.chSchRescheduleS
                0x08005010       0x18 C:\Users\akudo\AppData\Local\Temp\ccupDu6t.ltrans6.ltrans.o
                0x08005010                chSchRescheduleS
 *fill*         0x08005028        0x8 
 .text.chThdSetPriority
                0x08005030       0x30 C:\Users\akudo\AppData\Local\Temp\ccupDu6t.ltrans6.ltrans.o
                0x08005030                chThdSetPriority
 .text.chSchWakeupS
                0x08005060       0x58 C:\Users\akudo\AppData\Local\Temp\ccupDu6t.ltrans6.ltrans.o
                0x08005060                chSchWakeupS
 *fill*         0x080050b8        0x8 
 .text.chSemSignal
                0x080050c0       0x34 C:\Users\akudo\AppData\Local\Temp\ccupDu6t.ltrans6.ltrans.o
                0x080050c0                chSemSignal
 *fill*         0x080050f4        0xc 
 .text.chThdCreateStatic
                0x08005100       0x80 C:\Users\akudo\AppData\Local\Temp\ccupDu6t.ltrans6.ltrans.o
                0x08005100                chThdCreateStatic
 .text.chSchGoSleepS
                0x08005180       0x24 C:\Users\akudo\AppData\Local\Temp\ccupDu6t.ltrans6.ltrans.o
                0x08005180                chSchGoSleepS
 *fill*         0x080051a4        0xc 
 .text.chSemWait
                0x080051b0       0x44 C:\Users\akudo\AppData\Local\Temp\ccupDu6t.ltrans6.ltrans.o
                0x080051b0                chSemWait
 *fill*         0x080051f4        0xc 
 .text.chThdWait
                0x08005200       0x38 C:\Users\akudo\AppData\Local\Temp\ccupDu6t.ltrans6.ltrans.o
                0x08005200                chThdWait
 *fill*         0x08005238        0x8 
 .text.chSchReadyI
                0x08005240       0x2c C:\Users\akudo\AppData\Local\Temp\ccupDu6t.ltrans6.ltrans.o
                0x08005240                chSchReadyI
 *fill*         0x0800526c        0x4 
 .text.chMtxUnlockAll
                0x08005270       0x54 C:\Users\akudo\AppData\Local\Temp\ccupDu6t.ltrans6.ltrans.o
                0x08005270                chMtxUnlockAll
 *fill*         0x080052c4        0xc 
 .text.chMtxUnlockS
                0x080052d0       0x50 C:\Users\akudo\AppData\Local\Temp\ccupDu6t.ltrans6.ltrans.o
                0x080052d0                chMtxUnlockS
 .text.chMtxUnlock
                0x08005320       0x64 C:\Users\akudo\AppData\Local\Temp\ccupDu6t.ltrans6.ltrans.o
                0x08005320                chMtxUnlock
 *fill*         0x08005384        0xc 
 .text.chMtxLockS
                0x08005390       0xc8 C:\Users\akudo\AppData\Local\Temp\ccupDu6t.ltrans6.ltrans.o
                0x08005390                chMtxLockS
 *fill*         0x08005458        0x8 
 .text.chMtxLock
                0x08005460       0x14 C:\Users\akudo\AppData\Local\Temp\ccupDu6t.ltrans6.ltrans.o
                0x08005460                chMtxLock
 *fill*         0x08005474        0xc 
 .text.chSemSignalI
                0x08005480       0x20 C:\Users\akudo\AppData\Local\Temp\ccupDu6t.ltrans6.ltrans.o
                0x08005480                chSemSignalI
 .text.chSemResetI
                0x080054a0       0x28 C:\Users\akudo\AppData\Local\Temp\ccupDu6t.ltrans6.ltrans.o
                0x080054a0                chSemResetI
 *fill*         0x080054c8        0x8 
 .text.chThdExit
                0x080054d0       0x48 C:\Users\akudo\AppData\Local\Temp\ccupDu6t.ltrans6.ltrans.o
                0x080054d0                chThdExit
 *fill*         0x08005518        0x8 
 .text.chVTDoResetI
                0x08005520       0x70 C:\Users\akudo\AppData\Local\Temp\ccupDu6t.ltrans6.ltrans.o
                0x08005520                chVTDoResetI
 .text.chVTDoSetI
                0x08005590       0x7c C:\Users\akudo\AppData\Local\Temp\ccupDu6t.ltrans6.ltrans.o
                0x08005590                chVTDoSetI
 *fill*         0x0800560c        0x4 
 .text.chSchGoSleepTimeoutS
                0x08005610       0x44 C:\Users\akudo\AppData\Local\Temp\ccupDu6t.ltrans6.ltrans.o
                0x08005610                chSchGoSleepTimeoutS
 *fill*         0x08005654        0xc 
 .text.chSemWaitTimeoutS
                0x08005660       0x40 C:\Users\akudo\AppData\Local\Temp\ccupDu6t.ltrans6.ltrans.o
                0x08005660                chSemWaitTimeoutS
 .text.chThdEnqueueTimeoutS
                0x080056a0       0x28 C:\Users\akudo\AppData\Local\Temp\ccupDu6t.ltrans6.ltrans.o
                0x080056a0                chThdEnqueueTimeoutS
 *fill*         0x080056c8        0x8 
 .text.chThdSleep
                0x080056d0       0x18 C:\Users\akudo\AppData\Local\Temp\ccupDu6t.ltrans6.ltrans.o
                0x080056d0                chThdSleep
 *fill*         0x080056e8        0x8 
 .text.chSysRestoreStatusX.part.3.lto_priv.140
                0x080056f0       0x20 C:\Users\akudo\AppData\Local\Temp\ccupDu6t.ltrans6.ltrans.o
                0x080056f0                chSysRestoreStatusX.part.3.lto_priv.140
 .text.chSysGetStatusAndLockX.part.2.lto_priv.141
                0x08005710       0x1c C:\Users\akudo\AppData\Local\Temp\ccupDu6t.ltrans6.ltrans.o
                0x08005710                chSysGetStatusAndLockX.part.2.lto_priv.141
 *fill*         0x0800572c        0x4 
 .text.chSysIntegrityCheckI
                0x08005730       0xc0 C:\Users\akudo\AppData\Local\Temp\ccupDu6t.ltrans6.ltrans.o
                0x08005730                chSysIntegrityCheckI
 .text._unhandled_exception
                0x080057f0        0x4 C:\Users\akudo\AppData\Local\Temp\ccupDu6t.ltrans6.ltrans.o
                0x080057f0                Vector58
                0x080057f0                VectorE8
                0x080057f0                Vector9C
                0x080057f0                VectorAC
                0x080057f0                DebugMon_Handler
                0x080057f0                Vector1A0
                0x080057f0                Vector5C
                0x080057f0                Vector11C
                0x080057f0                HardFault_Handler
                0x080057f0                Vector1B8
                0x080057f0                Vector19C
                0x080057f0                Vector8C
                0x080057f0                SysTick_Handler
                0x080057f0                VectorDC
                0x080057f0                PendSV_Handler
                0x080057f0                Vector168
                0x080057f0                NMI_Handler
                0x080057f0                Vector110
                0x080057f0                Vector120
                0x080057f0                VectorC8
                0x080057f0                Vector94
                0x080057f0                VectorA8
                0x080057f0                VectorB4
                0x080057f0                Vector74
                0x080057f0                Vector160
                0x080057f0                Vector1B0
                0x080057f0                UsageFault_Handler
                0x080057f0                VectorEC
                0x080057f0                Vector40
                0x080057f0                VectorF8
                0x080057f0                Vector108
                0x080057f0                VectorBC
                0x080057f0                Vector190
                0x080057f0                Vector150
                0x080057f0                Vector124
                0x080057f0                Vector148
                0x080057f0                Vector188
                0x080057f0                Vector198
                0x080057f0                Vector118
                0x080057f0                Vector64
                0x080057f0                VectorCC
                0x080057f0                Vector54
                0x080057f0                Vector98
                0x080057f0                Vector138
                0x080057f0                Vector24
                0x080057f0                Vector1AC
                0x080057f0                Vector178
                0x080057f0                Vector84
                0x080057f0                Vector1A4
                0x080057f0                VectorD0
                0x080057f0                Vector1B4
                0x080057f0                Vector140
                0x080057f0                VectorE4
                0x080057f0                VectorC0
                0x080057f0                Vector158
                0x080057f0                Vector130
                0x080057f0                Vector134
                0x080057f0                VectorF0
                0x080057f0                Vector12C
                0x080057f0                Vector13C
                0x080057f0                Vector100
                0x080057f0                VectorE0
                0x080057f0                VectorF4
                0x080057f0                MemManage_Handler
                0x080057f0                Vector6C
                0x080057f0                VectorA0
                0x080057f0                VectorC4
                0x080057f0                Vector7C
                0x080057f0                Vector180
                0x080057f0                Vector90
                0x080057f0                Vector114
                0x080057f0                Vector164
                0x080057f0                Vector60
                0x080057f0                Vector1C
                0x080057f0                Vector1BC
                0x080057f0                Vector17C
                0x080057f0                Vector48
                0x080057f0                Vector1A8
                0x080057f0                Vector16C
                0x080057f0                Vector70
                0x080057f0                VectorD4
                0x080057f0                Vector4C
                0x080057f0                Vector144
                0x080057f0                Vector80
                0x080057f0                Vector15C
                0x080057f0                Vector68
                0x080057f0                Vector78
                0x080057f0                Vector170
                0x080057f0                Vector88
                0x080057f0                Vector104
                0x080057f0                Vector184
                0x080057f0                Vector10C
                0x080057f0                Vector14C
                0x080057f0                BusFault_Handler
                0x080057f0                Vector50
                0x080057f0                Vector194
                0x080057f0                Vector154
                0x080057f0                Vector44
                0x080057f0                Vector28
                0x080057f0                VectorB8
                0x080057f0                VectorFC
                0x080057f0                Vector34
                0x080057f0                Vector128
                0x080057f0                VectorA4
                0x080057f0                Vector20
                0x080057f0                Vector18C
                0x080057f0                Vector174
 *fill*         0x080057f4        0xc 
 .text.__init_ram_areas
                0x08005800       0x4c C:\Users\akudo\AppData\Local\Temp\ccupDu6t.ltrans6.ltrans.o
                0x08005800                __init_ram_areas
 *fill*         0x0800584c        0x4 
 .text.__default_exit
                0x08005850        0x4 C:\Users\akudo\AppData\Local\Temp\ccupDu6t.ltrans6.ltrans.o
                0x08005850                __default_exit
 *fill*         0x08005854        0xc 
 .text.__late_init
                0x08005860        0x4 C:\Users\akudo\AppData\Local\Temp\ccupDu6t.ltrans6.ltrans.o
                0x08005860                __late_init
 *fill*         0x08005864        0xc 
 .text.__core_init
                0x08005870        0x4 C:\Users\akudo\AppData\Local\Temp\ccupDu6t.ltrans6.ltrans.o
                0x08005870                __core_init
 *fill*         0x08005874        0xc 
 .text.chTMStartMeasurementX.constprop.62
                0x08005880        0xc C:\Users\akudo\AppData\Local\Temp\ccupDu6t.ltrans7.ltrans.o
                0x08005880                chTMStartMeasurementX.constprop.62
 *fill*         0x0800588c        0x4 
 .text.chThdCreateFromHeap.constprop.59
                0x08005890       0x94 C:\Users\akudo\AppData\Local\Temp\ccupDu6t.ltrans7.ltrans.o
                0x08005890                chThdCreateFromHeap.constprop.59
 *fill*         0x08005924        0xc 
 .text.chThdCreateFromMemoryPool.constprop.58
                0x08005930       0x9c C:\Users\akudo\AppData\Local\Temp\ccupDu6t.ltrans7.ltrans.o
                0x08005930                chThdCreateFromMemoryPool.constprop.58
 *fill*         0x080059cc        0x4 
 .text.chSemSignalWait.constprop.54
                0x080059d0       0x68 C:\Users\akudo\AppData\Local\Temp\ccupDu6t.ltrans7.ltrans.o
                0x080059d0                chSemSignalWait.constprop.54
 *fill*         0x08005a38        0x8 
 .text.chCondSignal.constprop.50
                0x08005a40       0x28 C:\Users\akudo\AppData\Local\Temp\ccupDu6t.ltrans7.ltrans.o
                0x08005a40                chCondSignal.constprop.50
 *fill*         0x08005a68        0x8 
 .text.chCondSignalI.constprop.49
                0x08005a70       0x24 C:\Users\akudo\AppData\Local\Temp\ccupDu6t.ltrans7.ltrans.o
                0x08005a70                chCondSignalI.constprop.49
 *fill*         0x08005a94        0xc 
 .text.chEvtGetAndClearEvents.constprop.41
                0x08005aa0       0x1c C:\Users\akudo\AppData\Local\Temp\ccupDu6t.ltrans7.ltrans.o
                0x08005aa0                chEvtGetAndClearEvents.constprop.41
 *fill*         0x08005abc        0x4 
 .text.chEvtWaitOne.constprop.37
                0x08005ac0       0x34 C:\Users\akudo\AppData\Local\Temp\ccupDu6t.ltrans7.ltrans.o
                0x08005ac0                chEvtWaitOne.constprop.37
 *fill*         0x08005af4        0xc 
 .text.unlikely.chEvtWaitAny.constprop.36
                0x08005b00       0x34 C:\Users\akudo\AppData\Local\Temp\ccupDu6t.ltrans7.ltrans.o
                0x08005b00                chEvtWaitAny.constprop.36
 *fill*         0x08005b34        0xc 
 .text.chMBPost.constprop.22
                0x08005b40       0x48 C:\Users\akudo\AppData\Local\Temp\ccupDu6t.ltrans7.ltrans.o
                0x08005b40                chMBPost.constprop.22
 *fill*         0x08005b88        0x8 
 .text.chMBPostI.constprop.21
                0x08005b90       0x3c C:\Users\akudo\AppData\Local\Temp\ccupDu6t.ltrans7.ltrans.o
                0x08005b90                chMBPostI.constprop.21
 *fill*         0x08005bcc        0x4 
 .text.chMBPostAhead.constprop.20
                0x08005bd0       0x4c C:\Users\akudo\AppData\Local\Temp\ccupDu6t.ltrans7.ltrans.o
                0x08005bd0                chMBPostAhead.constprop.20
 *fill*         0x08005c1c        0x4 
 .text.chMBPostAheadI.constprop.19
                0x08005c20       0x3c C:\Users\akudo\AppData\Local\Temp\ccupDu6t.ltrans7.ltrans.o
                0x08005c20                chMBPostAheadI.constprop.19
 *fill*         0x08005c5c        0x4 
 .text.unlikely.chMBFetch.constprop.18
                0x08005c60       0x48 C:\Users\akudo\AppData\Local\Temp\ccupDu6t.ltrans7.ltrans.o
                0x08005c60                chMBFetch.constprop.18
 *fill*         0x08005ca8        0x8 
 .text.unlikely.chMBFetchI.constprop.17
                0x08005cb0       0x3c C:\Users\akudo\AppData\Local\Temp\ccupDu6t.ltrans7.ltrans.o
                0x08005cb0                chMBFetchI.constprop.17
 *fill*         0x08005cec        0x4 
 .text._pal_lld_setgroupmode.constprop.6
                0x08005cf0       0xb8 C:\Users\akudo\AppData\Local\Temp\ccupDu6t.ltrans7.ltrans.o
                0x08005cf0                _pal_lld_setgroupmode.constprop.6
 *fill*         0x08005da8        0x8 
 .text.test_start_timer.constprop.2
                0x08005db0       0x3c C:\Users\akudo\AppData\Local\Temp\ccupDu6t.ltrans7.ltrans.o
                0x08005db0                test_start_timer.constprop.2
 *(.rodata)
 *(.rodata.*)
 *fill*         0x08005dec        0x4 
 .rodata.testmtx4
                0x08005df0       0x10 C:\Users\akudo\AppData\Local\Temp\ccupDu6t.ltrans0.ltrans.o
 .rodata.testmtx5
                0x08005e00       0x10 C:\Users\akudo\AppData\Local\Temp\ccupDu6t.ltrans0.ltrans.o
 .rodata.testmtx6
                0x08005e10       0x10 C:\Users\akudo\AppData\Local\Temp\ccupDu6t.ltrans0.ltrans.o
 .rodata.testmtx7
                0x08005e20       0x10 C:\Users\akudo\AppData\Local\Temp\ccupDu6t.ltrans0.ltrans.o
 .rodata.testmtx8
                0x08005e30       0x10 C:\Users\akudo\AppData\Local\Temp\ccupDu6t.ltrans0.ltrans.o
 .rodata.patternmsg
                0x08005e40        0x8 C:\Users\akudo\AppData\Local\Temp\ccupDu6t.ltrans0.ltrans.o
 *fill*         0x08005e48        0x8 
 .rodata.testbmk11
                0x08005e50       0x10 C:\Users\akudo\AppData\Local\Temp\ccupDu6t.ltrans0.ltrans.o
 .rodata.ch_debug
                0x08005e60       0x16 C:\Users\akudo\AppData\Local\Temp\ccupDu6t.ltrans0.ltrans.o
 *fill*         0x08005e76        0xa 
 .rodata.testbmk13
                0x08005e80       0x10 C:\Users\akudo\AppData\Local\Temp\ccupDu6t.ltrans0.ltrans.o
 .rodata.testevt2
                0x08005e90       0x10 C:\Users\akudo\AppData\Local\Temp\ccupDu6t.ltrans0.ltrans.o
 .rodata.patterndyn
                0x08005ea0       0x10 C:\Users\akudo\AppData\Local\Temp\ccupDu6t.ltrans0.ltrans.o
 .rodata.testsys1
                0x08005eb0       0x10 C:\Users\akudo\AppData\Local\Temp\ccupDu6t.ltrans0.ltrans.o
 .rodata.vmt    0x08005ec0       0x20 C:\Users\akudo\AppData\Local\Temp\ccupDu6t.ltrans0.ltrans.o
 .rodata.testsem1
                0x08005ee0       0x10 C:\Users\akudo\AppData\Local\Temp\ccupDu6t.ltrans0.ltrans.o
 .rodata.testsem2
                0x08005ef0       0x10 C:\Users\akudo\AppData\Local\Temp\ccupDu6t.ltrans0.ltrans.o
 .rodata.testsem3
                0x08005f00       0x10 C:\Users\akudo\AppData\Local\Temp\ccupDu6t.ltrans0.ltrans.o
 .rodata.testsem4
                0x08005f10       0x10 C:\Users\akudo\AppData\Local\Temp\ccupDu6t.ltrans0.ltrans.o
 .rodata.testbmk1
                0x08005f20       0x10 C:\Users\akudo\AppData\Local\Temp\ccupDu6t.ltrans0.ltrans.o
 .rodata.testsys2
                0x08005f30       0x10 C:\Users\akudo\AppData\Local\Temp\ccupDu6t.ltrans0.ltrans.o
 .rodata.testsys3
                0x08005f40       0x10 C:\Users\akudo\AppData\Local\Temp\ccupDu6t.ltrans0.ltrans.o
 .rodata.testbmk8
                0x08005f50       0x10 C:\Users\akudo\AppData\Local\Temp\ccupDu6t.ltrans0.ltrans.o
 .rodata.testbmk10
                0x08005f60       0x10 C:\Users\akudo\AppData\Local\Temp\ccupDu6t.ltrans0.ltrans.o
 .rodata.testbmk7
                0x08005f70       0x10 C:\Users\akudo\AppData\Local\Temp\ccupDu6t.ltrans0.ltrans.o
 .rodata.testbmk12
                0x08005f80       0x10 C:\Users\akudo\AppData\Local\Temp\ccupDu6t.ltrans0.ltrans.o
 .rodata.testbmk5
                0x08005f90       0x10 C:\Users\akudo\AppData\Local\Temp\ccupDu6t.ltrans0.ltrans.o
 .rodata.testbmk2
                0x08005fa0       0x10 C:\Users\akudo\AppData\Local\Temp\ccupDu6t.ltrans0.ltrans.o
 .rodata.testbmk3
                0x08005fb0       0x10 C:\Users\akudo\AppData\Local\Temp\ccupDu6t.ltrans0.ltrans.o
 .rodata.testbmk4
                0x08005fc0       0x10 C:\Users\akudo\AppData\Local\Temp\ccupDu6t.ltrans0.ltrans.o
 .rodata.testbmk6
                0x08005fd0       0x10 C:\Users\akudo\AppData\Local\Temp\ccupDu6t.ltrans0.ltrans.o
 .rodata.patternsys
                0x08005fe0       0x10 C:\Users\akudo\AppData\Local\Temp\ccupDu6t.ltrans0.ltrans.o
 .rodata.testpools1
                0x08005ff0       0x10 C:\Users\akudo\AppData\Local\Temp\ccupDu6t.ltrans0.ltrans.o
 .rodata.testbmk9
                0x08006000       0x10 C:\Users\akudo\AppData\Local\Temp\ccupDu6t.ltrans0.ltrans.o
 .rodata.patternbmk
                0x08006010       0x38 C:\Users\akudo\AppData\Local\Temp\ccupDu6t.ltrans0.ltrans.o
 *fill*         0x08006048        0x8 
 .rodata.patterns
                0x08006050       0x34 C:\Users\akudo\AppData\Local\Temp\ccupDu6t.ltrans0.ltrans.o
 *fill*         0x08006084        0xc 
 .rodata.testdyn1
                0x08006090       0x10 C:\Users\akudo\AppData\Local\Temp\ccupDu6t.ltrans0.ltrans.o
 .rodata.testdyn2
                0x080060a0       0x10 C:\Users\akudo\AppData\Local\Temp\ccupDu6t.ltrans0.ltrans.o
 .rodata.testdyn3
                0x080060b0       0x10 C:\Users\akudo\AppData\Local\Temp\ccupDu6t.ltrans0.ltrans.o
 .rodata.testmbox1
                0x080060c0       0x10 C:\Users\akudo\AppData\Local\Temp\ccupDu6t.ltrans0.ltrans.o
 .rodata.patternheap
                0x080060d0        0x8 C:\Users\akudo\AppData\Local\Temp\ccupDu6t.ltrans0.ltrans.o
 *fill*         0x080060d8        0x8 
 .rodata.patternqueues
                0x080060e0        0xc C:\Users\akudo\AppData\Local\Temp\ccupDu6t.ltrans0.ltrans.o
 *fill*         0x080060ec        0x4 
 .rodata.testqueues1
                0x080060f0       0x10 C:\Users\akudo\AppData\Local\Temp\ccupDu6t.ltrans0.ltrans.o
 .rodata.testmsg1
                0x08006100       0x10 C:\Users\akudo\AppData\Local\Temp\ccupDu6t.ltrans0.ltrans.o
 .rodata.patternthd
                0x08006110       0x14 C:\Users\akudo\AppData\Local\Temp\ccupDu6t.ltrans0.ltrans.o
 *fill*         0x08006124        0xc 
 .rodata.testqueues2
                0x08006130       0x10 C:\Users\akudo\AppData\Local\Temp\ccupDu6t.ltrans0.ltrans.o
 .rodata.patternmbox
                0x08006140        0x8 C:\Users\akudo\AppData\Local\Temp\ccupDu6t.ltrans0.ltrans.o
 *fill*         0x08006148        0x8 
 .rodata.testthd1
                0x08006150       0x10 C:\Users\akudo\AppData\Local\Temp\ccupDu6t.ltrans0.ltrans.o
 .rodata.testthd2
                0x08006160       0x10 C:\Users\akudo\AppData\Local\Temp\ccupDu6t.ltrans0.ltrans.o
 .rodata.testthd3
                0x08006170       0x10 C:\Users\akudo\AppData\Local\Temp\ccupDu6t.ltrans0.ltrans.o
 .rodata.testthd4
                0x08006180       0x10 C:\Users\akudo\AppData\Local\Temp\ccupDu6t.ltrans0.ltrans.o
 .rodata.patternsem
                0x08006190       0x14 C:\Users\akudo\AppData\Local\Temp\ccupDu6t.ltrans0.ltrans.o
 *fill*         0x080061a4        0xc 
 .rodata.patternevt
                0x080061b0       0x10 C:\Users\akudo\AppData\Local\Temp\ccupDu6t.ltrans0.ltrans.o
 .rodata.testevt1
                0x080061c0       0x10 C:\Users\akudo\AppData\Local\Temp\ccupDu6t.ltrans0.ltrans.o
 .rodata.testheap1
                0x080061d0       0x10 C:\Users\akudo\AppData\Local\Temp\ccupDu6t.ltrans0.ltrans.o
 .rodata.testevt3
                0x080061e0       0x10 C:\Users\akudo\AppData\Local\Temp\ccupDu6t.ltrans0.ltrans.o
 .rodata.patternmtx
                0x080061f0       0x1c C:\Users\akudo\AppData\Local\Temp\ccupDu6t.ltrans0.ltrans.o
 *fill*         0x0800620c        0x4 
 .rodata.str1.4
                0x08006210      0x7fb C:\Users\akudo\AppData\Local\Temp\ccupDu6t.ltrans0.ltrans.o
                                0x807 (size before relaxing)
 *fill*         0x08006a0b        0x5 
 .rodata.testmtx1
                0x08006a10       0x10 C:\Users\akudo\AppData\Local\Temp\ccupDu6t.ltrans0.ltrans.o
 .rodata.wa     0x08006a20       0x14 C:\Users\akudo\AppData\Local\Temp\ccupDu6t.ltrans0.ltrans.o
                0x08006a20                wa
 *fill*         0x08006a34        0xc 
 .rodata.patternpools
                0x08006a40        0x8 C:\Users\akudo\AppData\Local\Temp\ccupDu6t.ltrans0.ltrans.o
 *fill*         0x08006a48        0x8 
 .rodata.str1.4
                0x08006a50       0x22 C:\Users\akudo\AppData\Local\Temp\ccupDu6t.ltrans1.ltrans.o
                                 0x3e (size before relaxing)
 *fill*         0x08006a72        0xe 
 .rodata.str1.4
                0x08006a80        0xf C:\Users\akudo\AppData\Local\Temp\ccupDu6t.ltrans2.ltrans.o
                                 0x1f (size before relaxing)
 *fill*         0x08006a8f        0x1 
 .rodata.str1.4
                0x08006a90        0x6 C:\Users\akudo\AppData\Local\Temp\ccupDu6t.ltrans3.ltrans.o
                                 0x1a (size before relaxing)
 *fill*         0x08006a96        0xa 
 .rodata.str1.4
                0x08006aa0        0x3 C:\Users\akudo\AppData\Local\Temp\ccupDu6t.ltrans4.ltrans.o
                                 0x1e (size before relaxing)
 *fill*         0x08006aa3        0xd 
 .rodata.str1.4
                0x08006ab0        0x4 C:\Users\akudo\AppData\Local\Temp\ccupDu6t.ltrans5.ltrans.o
                                 0x1e (size before relaxing)
 *fill*         0x08006ab4        0xc 
 .rodata.evhndl
                0x08006ac0        0xc C:\Users\akudo\AppData\Local\Temp\ccupDu6t.ltrans5.ltrans.o
 *fill*         0x08006acc        0x4 
 .rodata.ram_areas
                0x08006ad0       0x80 C:\Users\akudo\AppData\Local\Temp\ccupDu6t.ltrans6.ltrans.o
 *(.glue_7t)
 .glue_7t       0x00000000        0x0 linker stubs
 *(.glue_7)
 .glue_7        0x00000000        0x0 linker stubs
 *(.gcc*)

.vfp11_veneer   0x08006b50        0x0
 .vfp11_veneer  0x00000000        0x0 linker stubs

.v4_bx          0x08006b50        0x0
 .v4_bx         0x00000000        0x0 linker stubs

.iplt           0x08006b50        0x0
 .iplt          0x00000000        0x0 build/obj/crt0_v7m.o

.rel.dyn        0x08006b50        0x0
 .rel.iplt      0x00000000        0x0 build/obj/crt0_v7m.o

.ARM.extab
 *(.ARM.extab* .gnu.linkonce.armextab.*)

.ARM.exidx      0x08006b50        0x0
                0x08006b50                __exidx_start = .
 *(.ARM.exidx* .gnu.linkonce.armexidx.*)
                0x08006b50                __exidx_end = .

.eh_frame_hdr
 *(.eh_frame_hdr)

.eh_frame
 *(.eh_frame)

.textalign      0x08006b50        0x0
                0x08006b50                . = ALIGN (0x8)
                0x08006b50                . = ALIGN (0x4)
                0x08006b50                PROVIDE (_etext, .)

.mstack         0x20000000      0x400
                0x20000000                . = ALIGN (0x8)
                0x20000000                __main_stack_base__ = .
                0x20000400                . = (. + __main_stack_size__)
 *fill*         0x20000000      0x400 
                0x20000400                . = ALIGN (0x8)
                0x20000400                __main_stack_end__ = .

.pstack         0x20000400      0x400
                0x20000400                __process_stack_base__ = .
                0x20000400                __main_thread_stack_base__ = .
                0x20000800                . = (. + __process_stack_size__)
 *fill*         0x20000400      0x400 
                0x20000800                . = ALIGN (0x8)
                0x20000800                __process_stack_end__ = .
                0x20000800                __main_thread_stack_end__ = .

.data           0x20000800       0xb8 load address 0x08006b50
                0x20000800                . = ALIGN (0x4)
                0x08006b50                PROVIDE (_textdata, LOADADDR (.data))
                0x20000800                PROVIDE (_data, .)
                0x08006b50                _textdata_start = LOADADDR (.data)
                0x20000800                _data_start = .
 *(.data)
 *(.data.*)
 .data.oq       0x20000800       0x24 C:\Users\akudo\AppData\Local\Temp\ccupDu6t.ltrans1.ltrans.o
 .data.iq       0x20000824       0x24 C:\Users\akudo\AppData\Local\Temp\ccupDu6t.ltrans1.ltrans.o
 .data.es1.lto_priv.146
                0x20000848        0x4 C:\Users\akudo\AppData\Local\Temp\ccupDu6t.ltrans2.ltrans.o
                0x20000848                es1.lto_priv.146
 .data.es2      0x2000084c        0x4 C:\Users\akudo\AppData\Local\Temp\ccupDu6t.ltrans2.ltrans.o
 .data.mp1.lto_priv.142
                0x20000850        0xc C:\Users\akudo\AppData\Local\Temp\ccupDu6t.ltrans2.ltrans.o
 .data.m1.lto_priv.150
                0x2000085c       0x10 C:\Users\akudo\AppData\Local\Temp\ccupDu6t.ltrans5.ltrans.o
                0x2000085c                m1.lto_priv.150
 .data.m2.lto_priv.151
                0x2000086c       0x10 C:\Users\akudo\AppData\Local\Temp\ccupDu6t.ltrans5.ltrans.o
                0x2000086c                m2.lto_priv.151
 .data.c1.lto_priv.148
                0x2000087c        0x8 C:\Users\akudo\AppData\Local\Temp\ccupDu6t.ltrans7.ltrans.o
                0x2000087c                c1.lto_priv.148
 .data.mb1.lto_priv.147
                0x20000884       0x28 C:\Users\akudo\AppData\Local\Temp\ccupDu6t.ltrans7.ltrans.o
                0x20000884                mb1.lto_priv.147
 .data.sem1.lto_priv.154
                0x200008ac        0xc C:\Users\akudo\AppData\Local\Temp\ccupDu6t.ltrans7.ltrans.o
                0x200008ac                sem1.lto_priv.154
 *(.ramtext)
                0x200008b8                . = ALIGN (0x4)
                0x200008b8                PROVIDE (_edata, .)
                0x200008b8                _data_end = .

.igot.plt       0x200008b8        0x0 load address 0x08006c08
 .igot.plt      0x00000000        0x0 build/obj/crt0_v7m.o

.bss            0x200008b8      0xac0 load address 0x08006c08
                0x200008b8                . = ALIGN (0x4)
                0x200008b8                _bss_start = .
 *(.bss)
 *(.bss.*)
 .bss.vt1.6719  0x200008b8       0x14 C:\Users\akudo\AppData\Local\Temp\ccupDu6t.ltrans0.ltrans.o
 .bss.local_fail.lto_priv.156
                0x200008cc        0x1 C:\Users\akudo\AppData\Local\Temp\ccupDu6t.ltrans0.ltrans.o
                0x200008cc                local_fail.lto_priv.156
 *fill*         0x200008cd        0x3 
 .bss.waThread1
                0x200008d0      0x148 C:\Users\akudo\AppData\Local\Temp\ccupDu6t.ltrans0.ltrans.o
 .bss.tokp.lto_priv.158
                0x20000a18        0x4 C:\Users\akudo\AppData\Local\Temp\ccupDu6t.ltrans0.ltrans.o
                0x20000a18                tokp.lto_priv.158
 .bss.tokens_buffer.lto_priv.159
                0x20000a1c       0x10 C:\Users\akudo\AppData\Local\Temp\ccupDu6t.ltrans0.ltrans.o
                0x20000a1c                tokens_buffer.lto_priv.159
 .bss.nextmem.lto_priv.145
                0x20000a2c        0x4 C:\Users\akudo\AppData\Local\Temp\ccupDu6t.ltrans0.ltrans.o
                0x20000a2c                nextmem.lto_priv.145
 .bss.sem1.lto_priv.134
                0x20000a30        0xc C:\Users\akudo\AppData\Local\Temp\ccupDu6t.ltrans0.ltrans.o
                0x20000a30                sem1.lto_priv.134
 .bss.test_global_fail
                0x20000a3c        0x1 C:\Users\akudo\AppData\Local\Temp\ccupDu6t.ltrans0.ltrans.o
                0x20000a3c                test_global_fail
 *fill*         0x20000a3d        0x3 
 .bss.failpoint.lto_priv.157
                0x20000a40        0x4 C:\Users\akudo\AppData\Local\Temp\ccupDu6t.ltrans0.ltrans.o
                0x20000a40                failpoint.lto_priv.157
 .bss.SD2       0x20000a44       0x78 C:\Users\akudo\AppData\Local\Temp\ccupDu6t.ltrans0.ltrans.o
                0x20000a44                SD2
 .bss.iq.6709   0x20000abc       0x24 C:\Users\akudo\AppData\Local\Temp\ccupDu6t.ltrans0.ltrans.o
 .bss.chp.lto_priv.155
                0x20000ae0        0x4 C:\Users\akudo\AppData\Local\Temp\ccupDu6t.ltrans0.ltrans.o
                0x20000ae0                chp.lto_priv.155
 *fill*         0x20000ae4        0x4 
 .bss.default_heap.lto_priv.160
                0x20000ae8       0x20 C:\Users\akudo\AppData\Local\Temp\ccupDu6t.ltrans0.ltrans.o
                0x20000ae8                default_heap.lto_priv.160
 .bss.threads   0x20000b08       0x14 C:\Users\akudo\AppData\Local\Temp\ccupDu6t.ltrans0.ltrans.o
                0x20000b08                threads
 .bss.endmem.lto_priv.144
                0x20000b1c        0x4 C:\Users\akudo\AppData\Local\Temp\ccupDu6t.ltrans0.ltrans.o
                0x20000b1c                endmem.lto_priv.144
 .bss.vt2.6720  0x20000b20       0x14 C:\Users\akudo\AppData\Local\Temp\ccupDu6t.ltrans0.ltrans.o
 .bss.mtx1      0x20000b34       0x10 C:\Users\akudo\AppData\Local\Temp\ccupDu6t.ltrans0.ltrans.o
 .bss.ib.6708   0x20000b44       0x10 C:\Users\akudo\AppData\Local\Temp\ccupDu6t.ltrans0.ltrans.o
 *fill*         0x20000b54        0x4 
 .bss.test_heap
                0x20000b58       0x20 C:\Users\akudo\AppData\Local\Temp\ccupDu6t.ltrans2.ltrans.o
 .bss.ch        0x20000b78      0x150 C:\Users\akudo\AppData\Local\Temp\ccupDu6t.ltrans7.ltrans.o
                0x20000b78                ch
 .bss.test_timer_done
                0x20000cc8        0x1 C:\Users\akudo\AppData\Local\Temp\ccupDu6t.ltrans7.ltrans.o
                0x20000cc8                test_timer_done
 *fill*         0x20000cc9        0x3 
 .bss.mp1.lto_priv.143
                0x20000ccc        0xc C:\Users\akudo\AppData\Local\Temp\ccupDu6t.ltrans7.ltrans.o
                0x20000ccc                mp1.lto_priv.143
 .bss.vt        0x20000cd8       0x14 C:\Users\akudo\AppData\Local\Temp\ccupDu6t.ltrans7.ltrans.o
 *fill*         0x20000cec        0x4 
 .bss.test      0x20000cf0      0x668 C:\Users\akudo\AppData\Local\Temp\ccupDu6t.ltrans7.ltrans.o
                0x20000cf0                test
 .bss.heap1.lto_priv.139
                0x20001358       0x20 C:\Users\akudo\AppData\Local\Temp\ccupDu6t.ltrans7.ltrans.o
                0x20001358                heap1.lto_priv.139
 *(COMMON)
                0x20001378                . = ALIGN (0x4)
                0x20001378                _bss_end = .
                0x20001378                PROVIDE (end, .)

.ram0_init      0x20001378        0x0 load address 0x08006c08
                0x20001378                . = ALIGN (0x4)
                0x08006c08                __ram0_init_text__ = LOADADDR (.ram0_init)
                0x20001378                __ram0_init__ = .
 *(.ram0_init)
 *(.ram0_init.*)
                0x20001378                . = ALIGN (0x4)

.ram0           0x20001378        0x0 load address 0x08006c08
                0x20001378                . = ALIGN (0x4)
                0x20001378                __ram0_clear__ = .
 *(.ram0_clear)
 *(.ram0_clear.*)
                0x20001378                . = ALIGN (0x4)
                0x20001378                __ram0_noinit__ = .
 *(.ram0)
 *(.ram0.*)
                0x20001378                . = ALIGN (0x4)
                0x20001378                __ram0_free__ = .

.ram1_init      0x20000000        0x0 load address 0x08006c08
                0x20000000                . = ALIGN (0x4)
                0x08006c08                __ram1_init_text__ = LOADADDR (.ram1_init)
                0x20000000                __ram1_init__ = .
 *(.ram1_init)
 *(.ram1_init.*)
                0x20000000                . = ALIGN (0x4)

.ram1           0x20000000        0x0 load address 0x08006c08
                0x20000000                . = ALIGN (0x4)
                0x20000000                __ram1_clear__ = .
 *(.ram1_clear)
 *(.ram1_clear.*)
                0x20000000                . = ALIGN (0x4)
                0x20000000                __ram1_noinit__ = .
 *(.ram1)
 *(.ram1.*)
                0x20000000                . = ALIGN (0x4)
                0x20000000                __ram1_free__ = .

.ram2_init      0x2001c000        0x0 load address 0x08006c08
                0x2001c000                . = ALIGN (0x4)
                0x08006c08                __ram2_init_text__ = LOADADDR (.ram2_init)
                0x2001c000                __ram2_init__ = .
 *(.ram2_init)
 *(.ram2_init.*)
                0x2001c000                . = ALIGN (0x4)

.ram2           0x2001c000        0x0 load address 0x08006c08
                0x2001c000                . = ALIGN (0x4)
                0x2001c000                __ram2_clear__ = .
 *(.ram2_clear)
 *(.ram2_clear.*)
                0x2001c000                . = ALIGN (0x4)
                0x2001c000                __ram2_noinit__ = .
 *(.ram2)
 *(.ram2.*)
                0x2001c000                . = ALIGN (0x4)
                0x2001c000                __ram2_free__ = .

.ram3_init      0x00000000        0x0 load address 0x08006c08
                0x00000000                . = ALIGN (0x4)
                0x08006c08                __ram3_init_text__ = LOADADDR (.ram3_init)
                0x00000000                __ram3_init__ = .
 *(.ram3_init)
 *(.ram3_init.*)
                0x00000000                . = ALIGN (0x4)

.ram3           0x00000000        0x0 load address 0x08006c08
                0x00000000                . = ALIGN (0x4)
                0x00000000                __ram3_clear__ = .
 *(.ram3_clear)
 *(.ram3_clear.*)
                0x00000000                . = ALIGN (0x4)
                0x00000000                __ram3_noinit__ = .
 *(.ram3)
 *(.ram3.*)
                0x00000000                . = ALIGN (0x4)
                0x00000000                __ram3_free__ = .

.ram4_init      0x10000000        0x0 load address 0x08006c08
                0x10000000                . = ALIGN (0x4)
                0x08006c08                __ram4_init_text__ = LOADADDR (.ram4_init)
                0x10000000                __ram4_init__ = .
 *(.ram4_init)
 *(.ram4_init.*)
                0x10000000                . = ALIGN (0x4)

.ram4           0x10000000        0x0 load address 0x08006c08
                0x10000000                . = ALIGN (0x4)
                0x10000000                __ram4_clear__ = .
 *(.ram4_clear)
 *(.ram4_clear.*)
                0x10000000                . = ALIGN (0x4)
                0x10000000                __ram4_noinit__ = .
 *(.ram4)
 *(.ram4.*)
                0x10000000                . = ALIGN (0x4)
                0x10000000                __ram4_free__ = .

.ram5_init      0x40024000        0x0 load address 0x08006c08
                0x40024000                . = ALIGN (0x4)
                0x08006c08                __ram5_init_text__ = LOADADDR (.ram5_init)
                0x40024000                __ram5_init__ = .
 *(.ram5_init)
 *(.ram5_init.*)
                0x40024000                . = ALIGN (0x4)

.ram5           0x40024000        0x0 load address 0x08006c08
                0x40024000                . = ALIGN (0x4)
                0x40024000                __ram5_clear__ = .
 *(.ram5_clear)
 *(.ram5_clear.*)
                0x40024000                . = ALIGN (0x4)
                0x40024000                __ram5_noinit__ = .
 *(.ram5)
 *(.ram5.*)
                0x40024000                . = ALIGN (0x4)
                0x40024000                __ram5_free__ = .

.ram6_init      0x00000000        0x0 load address 0x08006c08
                0x00000000                . = ALIGN (0x4)
                0x08006c08                __ram6_init_text__ = LOADADDR (.ram6_init)
                0x00000000                __ram6_init__ = .
 *(.ram6_init)
 *(.ram6_init.*)
                0x00000000                . = ALIGN (0x4)

.ram6           0x00000000        0x0 load address 0x08006c08
                0x00000000                . = ALIGN (0x4)
                0x00000000                __ram6_clear__ = .
 *(.ram6_clear)
 *(.ram6_clear.*)
                0x00000000                . = ALIGN (0x4)
                0x00000000                __ram6_noinit__ = .
 *(.ram6)
 *(.ram6.*)
                0x00000000                . = ALIGN (0x4)
                0x00000000                __ram6_free__ = .

.ram7_init      0x00000000        0x0 load address 0x08006c08
                0x00000000                . = ALIGN (0x4)
                0x08006c08                __ram7_init_text__ = LOADADDR (.ram7_init)
                0x00000000                __ram7_init__ = .
 *(.ram7_init)
 *(.ram7_init.*)
                0x00000000                . = ALIGN (0x4)

.ram7           0x00000000        0x0 load address 0x08006c08
                0x00000000                . = ALIGN (0x4)
                0x00000000                __ram7_clear__ = .
 *(.ram7_clear)
 *(.ram7_clear.*)
                0x00000000                . = ALIGN (0x4)
                0x00000000                __ram7_noinit__ = .
 *(.ram7)
 *(.ram7.*)
                0x00000000                . = ALIGN (0x4)
                0x00000000                __ram7_free__ = .

.heap           0x20001378    0x1ec88
                0x20001378                . = ALIGN (0x8)
                0x20001378                __heap_base__ = .
                0x20020000                . = (ORIGIN (HEAP_RAM) + 0x20000)
 *fill*         0x20001378    0x1ec88 
                0x20020000                __heap_end__ = .
                0x00000400                __process_stack_size__ = 0x400
                0x00000400                __main_stack_size__ = 0x400
START GROUP
LOAD c:/chibistudio/tools/gnu tools arm embedded/4.9 2015q3/bin/../lib/gcc/arm-none-eabi/4.9.3/armv7e-m\libgcc.a
LOAD c:/chibistudio/tools/gnu tools arm embedded/4.9 2015q3/bin/../lib/gcc/arm-none-eabi/4.9.3/../../../../arm-none-eabi/lib/armv7e-m\libg.a
LOAD c:/chibistudio/tools/gnu tools arm embedded/4.9 2015q3/bin/../lib/gcc/arm-none-eabi/4.9.3/../../../../arm-none-eabi/lib/armv7e-m\libc.a
END GROUP
OUTPUT(build/ch.elf elf32-littlearm)

.ARM.attributes
                0x00000000       0x2d
 .ARM.attributes
                0x00000000       0x21 build/obj/crt0_v7m.o
 .ARM.attributes
                0x00000021       0x21 build/obj/chcoreasm_v7m.o
 .ARM.attributes
                0x00000042       0x31 C:\Users\akudo\AppData\Local\Temp\ccupDu6t.ltrans0.ltrans.o
 .ARM.attributes
                0x00000073       0x31 C:\Users\akudo\AppData\Local\Temp\ccupDu6t.ltrans1.ltrans.o
 .ARM.attributes
                0x000000a4       0x31 C:\Users\akudo\AppData\Local\Temp\ccupDu6t.ltrans2.ltrans.o
 .ARM.attributes
                0x000000d5       0x31 C:\Users\akudo\AppData\Local\Temp\ccupDu6t.ltrans3.ltrans.o
 .ARM.attributes
                0x00000106       0x31 C:\Users\akudo\AppData\Local\Temp\ccupDu6t.ltrans4.ltrans.o
 .ARM.attributes
                0x00000137       0x31 C:\Users\akudo\AppData\Local\Temp\ccupDu6t.ltrans5.ltrans.o
 .ARM.attributes
                0x00000168       0x31 C:\Users\akudo\AppData\Local\Temp\ccupDu6t.ltrans6.ltrans.o
 .ARM.attributes
                0x00000199       0x31 C:\Users\akudo\AppData\Local\Temp\ccupDu6t.ltrans7.ltrans.o

.comment        0x00000000       0x70
 .comment       0x00000000       0x70 C:\Users\akudo\AppData\Local\Temp\ccupDu6t.ltrans0.ltrans.o
                                 0x71 (size before relaxing)
 .comment       0x00000000       0x71 C:\Users\akudo\AppData\Local\Temp\ccupDu6t.ltrans1.ltrans.o
 .comment       0x00000000       0x71 C:\Users\akudo\AppData\Local\Temp\ccupDu6t.ltrans2.ltrans.o
 .comment       0x00000000       0x71 C:\Users\akudo\AppData\Local\Temp\ccupDu6t.ltrans3.ltrans.o
 .comment       0x00000000       0x71 C:\Users\akudo\AppData\Local\Temp\ccupDu6t.ltrans4.ltrans.o
 .comment       0x00000000       0x71 C:\Users\akudo\AppData\Local\Temp\ccupDu6t.ltrans5.ltrans.o
 .comment       0x00000000       0x71 C:\Users\akudo\AppData\Local\Temp\ccupDu6t.ltrans6.ltrans.o
 .comment       0x00000000       0x71 C:\Users\akudo\AppData\Local\Temp\ccupDu6t.ltrans7.ltrans.o

.debug_info     0x00000000    0x19bcc
 .debug_info    0x00000000     0x34ef C:\Users\akudo\AppData\Local\Temp\ccupDu6t.ltrans0.ltrans.o
 .debug_info    0x000034ef     0x42ec C:\Users\akudo\AppData\Local\Temp\ccupDu6t.ltrans1.ltrans.o
 .debug_info    0x000077db     0x2df4 C:\Users\akudo\AppData\Local\Temp\ccupDu6t.ltrans2.ltrans.o
 .debug_info    0x0000a5cf     0x3469 C:\Users\akudo\AppData\Local\Temp\ccupDu6t.ltrans3.ltrans.o
 .debug_info    0x0000da38     0x3b3b C:\Users\akudo\AppData\Local\Temp\ccupDu6t.ltrans4.ltrans.o
 .debug_info    0x00011573     0x3569 C:\Users\akudo\AppData\Local\Temp\ccupDu6t.ltrans5.ltrans.o
 .debug_info    0x00014adc     0x2e59 C:\Users\akudo\AppData\Local\Temp\ccupDu6t.ltrans6.ltrans.o
 .debug_info    0x00017935     0x2297 C:\Users\akudo\AppData\Local\Temp\ccupDu6t.ltrans7.ltrans.o

.debug_abbrev   0x00000000     0x2d39
 .debug_abbrev  0x00000000      0x5aa C:\Users\akudo\AppData\Local\Temp\ccupDu6t.ltrans0.ltrans.o
 .debug_abbrev  0x000005aa      0x5ae C:\Users\akudo\AppData\Local\Temp\ccupDu6t.ltrans1.ltrans.o
 .debug_abbrev  0x00000b58      0x536 C:\Users\akudo\AppData\Local\Temp\ccupDu6t.ltrans2.ltrans.o
 .debug_abbrev  0x0000108e      0x527 C:\Users\akudo\AppData\Local\Temp\ccupDu6t.ltrans3.ltrans.o
 .debug_abbrev  0x000015b5      0x78d C:\Users\akudo\AppData\Local\Temp\ccupDu6t.ltrans4.ltrans.o
 .debug_abbrev  0x00001d42      0x538 C:\Users\akudo\AppData\Local\Temp\ccupDu6t.ltrans5.ltrans.o
 .debug_abbrev  0x0000227a      0x5cf C:\Users\akudo\AppData\Local\Temp\ccupDu6t.ltrans6.ltrans.o
 .debug_abbrev  0x00002849      0x4f0 C:\Users\akudo\AppData\Local\Temp\ccupDu6t.ltrans7.ltrans.o

.debug_loc      0x00000000     0x6500
 .debug_loc     0x00000000      0x58f C:\Users\akudo\AppData\Local\Temp\ccupDu6t.ltrans0.ltrans.o
 .debug_loc     0x0000058f      0xc00 C:\Users\akudo\AppData\Local\Temp\ccupDu6t.ltrans1.ltrans.o
 .debug_loc     0x0000118f      0x94e C:\Users\akudo\AppData\Local\Temp\ccupDu6t.ltrans2.ltrans.o
 .debug_loc     0x00001add      0x798 C:\Users\akudo\AppData\Local\Temp\ccupDu6t.ltrans3.ltrans.o
 .debug_loc     0x00002275     0x186d C:\Users\akudo\AppData\Local\Temp\ccupDu6t.ltrans4.ltrans.o
 .debug_loc     0x00003ae2      0xac5 C:\Users\akudo\AppData\Local\Temp\ccupDu6t.ltrans5.ltrans.o
 .debug_loc     0x000045a7     0x15c2 C:\Users\akudo\AppData\Local\Temp\ccupDu6t.ltrans6.ltrans.o
 .debug_loc     0x00005b69      0x997 C:\Users\akudo\AppData\Local\Temp\ccupDu6t.ltrans7.ltrans.o

.debug_aranges  0x00000000      0x6d8
 .debug_aranges
                0x00000000       0x80 C:\Users\akudo\AppData\Local\Temp\ccupDu6t.ltrans0.ltrans.o
 .debug_aranges
                0x00000080       0xe8 C:\Users\akudo\AppData\Local\Temp\ccupDu6t.ltrans1.ltrans.o
 .debug_aranges
                0x00000168       0x98 C:\Users\akudo\AppData\Local\Temp\ccupDu6t.ltrans2.ltrans.o
 .debug_aranges
                0x00000200       0xd0 C:\Users\akudo\AppData\Local\Temp\ccupDu6t.ltrans3.ltrans.o
 .debug_aranges
                0x000002d0      0x170 C:\Users\akudo\AppData\Local\Temp\ccupDu6t.ltrans4.ltrans.o
 .debug_aranges
                0x00000440       0xa0 C:\Users\akudo\AppData\Local\Temp\ccupDu6t.ltrans5.ltrans.o
 .debug_aranges
                0x000004e0      0x158 C:\Users\akudo\AppData\Local\Temp\ccupDu6t.ltrans6.ltrans.o
 .debug_aranges
                0x00000638       0xa0 C:\Users\akudo\AppData\Local\Temp\ccupDu6t.ltrans7.ltrans.o

.debug_ranges   0x00000000     0x2a48
 .debug_ranges  0x00000000      0x910 C:\Users\akudo\AppData\Local\Temp\ccupDu6t.ltrans0.ltrans.o
 .debug_ranges  0x00000910      0x4a0 C:\Users\akudo\AppData\Local\Temp\ccupDu6t.ltrans1.ltrans.o
 .debug_ranges  0x00000db0      0x378 C:\Users\akudo\AppData\Local\Temp\ccupDu6t.ltrans2.ltrans.o
 .debug_ranges  0x00001128      0x4f0 C:\Users\akudo\AppData\Local\Temp\ccupDu6t.ltrans3.ltrans.o
 .debug_ranges  0x00001618      0x5e0 C:\Users\akudo\AppData\Local\Temp\ccupDu6t.ltrans4.ltrans.o
 .debug_ranges  0x00001bf8      0x478 C:\Users\akudo\AppData\Local\Temp\ccupDu6t.ltrans5.ltrans.o
 .debug_ranges  0x00002070      0x6e8 C:\Users\akudo\AppData\Local\Temp\ccupDu6t.ltrans6.ltrans.o
 .debug_ranges  0x00002758      0x2f0 C:\Users\akudo\AppData\Local\Temp\ccupDu6t.ltrans7.ltrans.o

.debug_line     0x00000000     0x6247
 .debug_line    0x00000000      0xe69 C:\Users\akudo\AppData\Local\Temp\ccupDu6t.ltrans0.ltrans.o
 .debug_line    0x00000e69      0xcd6 C:\Users\akudo\AppData\Local\Temp\ccupDu6t.ltrans1.ltrans.o
 .debug_line    0x00001b3f      0x931 C:\Users\akudo\AppData\Local\Temp\ccupDu6t.ltrans2.ltrans.o
 .debug_line    0x00002470      0xbe4 C:\Users\akudo\AppData\Local\Temp\ccupDu6t.ltrans3.ltrans.o
 .debug_line    0x00003054     0x104f C:\Users\akudo\AppData\Local\Temp\ccupDu6t.ltrans4.ltrans.o
 .debug_line    0x000040a3      0xa16 C:\Users\akudo\AppData\Local\Temp\ccupDu6t.ltrans5.ltrans.o
 .debug_line    0x00004ab9      0xe76 C:\Users\akudo\AppData\Local\Temp\ccupDu6t.ltrans6.ltrans.o
 .debug_line    0x0000592f      0x918 C:\Users\akudo\AppData\Local\Temp\ccupDu6t.ltrans7.ltrans.o

.debug_str      0x00000000     0x3138
 .debug_str     0x00000000     0x10a7 C:\Users\akudo\AppData\Local\Temp\ccupDu6t.ltrans0.ltrans.o
                               0x116a (size before relaxing)
 .debug_str     0x000010a7      0x727 C:\Users\akudo\AppData\Local\Temp\ccupDu6t.ltrans1.ltrans.o
                                0xde9 (size before relaxing)
 .debug_str     0x000017ce      0x55c C:\Users\akudo\AppData\Local\Temp\ccupDu6t.ltrans2.ltrans.o
                                0xb88 (size before relaxing)
 .debug_str     0x00001d2a      0x44a C:\Users\akudo\AppData\Local\Temp\ccupDu6t.ltrans3.ltrans.o
                                0x9f3 (size before relaxing)
 .debug_str     0x00002174      0x500 C:\Users\akudo\AppData\Local\Temp\ccupDu6t.ltrans4.ltrans.o
                                0xef1 (size before relaxing)
 .debug_str     0x00002674      0x474 C:\Users\akudo\AppData\Local\Temp\ccupDu6t.ltrans5.ltrans.o
                                0xb70 (size before relaxing)
 .debug_str     0x00002ae8      0x2f8 C:\Users\akudo\AppData\Local\Temp\ccupDu6t.ltrans6.ltrans.o
                                0xc6c (size before relaxing)
 .debug_str     0x00002de0      0x358 C:\Users\akudo\AppData\Local\Temp\ccupDu6t.ltrans7.ltrans.o
                                0xc76 (size before relaxing)

.debug_frame    0x00000000     0x1694
 .debug_frame   0x00000000      0x1a4 C:\Users\akudo\AppData\Local\Temp\ccupDu6t.ltrans0.ltrans.o
 .debug_frame   0x000001a4      0x348 C:\Users\akudo\AppData\Local\Temp\ccupDu6t.ltrans1.ltrans.o
 .debug_frame   0x000004ec      0x1cc C:\Users\akudo\AppData\Local\Temp\ccupDu6t.ltrans2.ltrans.o
 .debug_frame   0x000006b8      0x2dc C:\Users\akudo\AppData\Local\Temp\ccupDu6t.ltrans3.ltrans.o
 .debug_frame   0x00000994      0x4c0 C:\Users\akudo\AppData\Local\Temp\ccupDu6t.ltrans4.ltrans.o
 .debug_frame   0x00000e54      0x218 C:\Users\akudo\AppData\Local\Temp\ccupDu6t.ltrans5.ltrans.o
 .debug_frame   0x0000106c      0x44c C:\Users\akudo\AppData\Local\Temp\ccupDu6t.ltrans6.ltrans.o
 .debug_frame   0x000014b8      0x1dc C:\Users\akudo\AppData\Local\Temp\ccupDu6t.ltrans7.ltrans.o

Cross Reference Table

Symbol                                            File
BusFault_Handler                                  C:\Users\akudo\AppData\Local\Temp\ccupDu6t.ltrans6.ltrans.o
                                                  build/obj/vectors.o (symbol from plugin)
                                                  C:\Users\akudo\AppData\Local\Temp\ccupDu6t.ltrans4.ltrans.o
DebugMon_Handler                                  C:\Users\akudo\AppData\Local\Temp\ccupDu6t.ltrans6.ltrans.o
                                                  build/obj/vectors.o (symbol from plugin)
                                                  C:\Users\akudo\AppData\Local\Temp\ccupDu6t.ltrans4.ltrans.o
HardFault_Handler                                 C:\Users\akudo\AppData\Local\Temp\ccupDu6t.ltrans6.ltrans.o
                                                  build/obj/vectors.o (symbol from plugin)
                                                  C:\Users\akudo\AppData\Local\Temp\ccupDu6t.ltrans4.ltrans.o
MemManage_Handler                                 C:\Users\akudo\AppData\Local\Temp\ccupDu6t.ltrans6.ltrans.o
                                                  build/obj/vectors.o (symbol from plugin)
                                                  C:\Users\akudo\AppData\Local\Temp\ccupDu6t.ltrans4.ltrans.o
NMI_Handler                                       C:\Users\akudo\AppData\Local\Temp\ccupDu6t.ltrans6.ltrans.o
                                                  build/obj/vectors.o (symbol from plugin)
                                                  C:\Users\akudo\AppData\Local\Temp\ccupDu6t.ltrans4.ltrans.o
PendSV_Handler                                    C:\Users\akudo\AppData\Local\Temp\ccupDu6t.ltrans6.ltrans.o
                                                  build/obj/vectors.o (symbol from plugin)
                                                  C:\Users\akudo\AppData\Local\Temp\ccupDu6t.ltrans4.ltrans.o
Reset_Handler                                     build/obj/crt0_v7m.o
                                                  C:\Users\akudo\AppData\Local\Temp\ccupDu6t.ltrans4.ltrans.o
                                                  build/obj/vectors.o (symbol from plugin)
SD2                                               C:\Users\akudo\AppData\Local\Temp\ccupDu6t.ltrans0.ltrans.o
                                                  build/obj/serial_lld.o (symbol from plugin)
                                                  C:\Users\akudo\AppData\Local\Temp\ccupDu6t.ltrans4.ltrans.o
                                                  build/obj/main.o (symbol from plugin)
SVC_Handler                                       build/obj/chcore_v7m.o (symbol from plugin)
                                                  build/obj/vectors.o (symbol from plugin)
SysTick_Handler                                   C:\Users\akudo\AppData\Local\Temp\ccupDu6t.ltrans6.ltrans.o
                                                  build/obj/vectors.o (symbol from plugin)
                                                  C:\Users\akudo\AppData\Local\Temp\ccupDu6t.ltrans4.ltrans.o
SystemCoreClock                                   build/obj/hal_lld.o (symbol from plugin)
TestThread                                        build/obj/test.o (symbol from plugin)
                                                  build/obj/main.o (symbol from plugin)
UsageFault_Handler                                C:\Users\akudo\AppData\Local\Temp\ccupDu6t.ltrans6.ltrans.o
                                                  build/obj/vectors.o (symbol from plugin)
                                                  C:\Users\akudo\AppData\Local\Temp\ccupDu6t.ltrans4.ltrans.o
Vector100                                         C:\Users\akudo\AppData\Local\Temp\ccupDu6t.ltrans6.ltrans.o
                                                  build/obj/vectors.o (symbol from plugin)
                                                  C:\Users\akudo\AppData\Local\Temp\ccupDu6t.ltrans4.ltrans.o
Vector104                                         C:\Users\akudo\AppData\Local\Temp\ccupDu6t.ltrans6.ltrans.o
                                                  build/obj/vectors.o (symbol from plugin)
                                                  C:\Users\akudo\AppData\Local\Temp\ccupDu6t.ltrans4.ltrans.o
Vector108                                         C:\Users\akudo\AppData\Local\Temp\ccupDu6t.ltrans6.ltrans.o
                                                  build/obj/vectors.o (symbol from plugin)
                                                  C:\Users\akudo\AppData\Local\Temp\ccupDu6t.ltrans4.ltrans.o
Vector10C                                         C:\Users\akudo\AppData\Local\Temp\ccupDu6t.ltrans6.ltrans.o
                                                  build/obj/vectors.o (symbol from plugin)
                                                  C:\Users\akudo\AppData\Local\Temp\ccupDu6t.ltrans4.ltrans.o
Vector110                                         C:\Users\akudo\AppData\Local\Temp\ccupDu6t.ltrans6.ltrans.o
                                                  build/obj/vectors.o (symbol from plugin)
                                                  C:\Users\akudo\AppData\Local\Temp\ccupDu6t.ltrans4.ltrans.o
Vector114                                         C:\Users\akudo\AppData\Local\Temp\ccupDu6t.ltrans6.ltrans.o
                                                  build/obj/vectors.o (symbol from plugin)
                                                  C:\Users\akudo\AppData\Local\Temp\ccupDu6t.ltrans4.ltrans.o
Vector118                                         C:\Users\akudo\AppData\Local\Temp\ccupDu6t.ltrans6.ltrans.o
                                                  build/obj/vectors.o (symbol from plugin)
                                                  C:\Users\akudo\AppData\Local\Temp\ccupDu6t.ltrans4.ltrans.o
Vector11C                                         C:\Users\akudo\AppData\Local\Temp\ccupDu6t.ltrans6.ltrans.o
                                                  build/obj/vectors.o (symbol from plugin)
                                                  C:\Users\akudo\AppData\Local\Temp\ccupDu6t.ltrans4.ltrans.o
Vector120                                         C:\Users\akudo\AppData\Local\Temp\ccupDu6t.ltrans6.ltrans.o
                                                  build/obj/vectors.o (symbol from plugin)
                                                  C:\Users\akudo\AppData\Local\Temp\ccupDu6t.ltrans4.ltrans.o
Vector124                                         C:\Users\akudo\AppData\Local\Temp\ccupDu6t.ltrans6.ltrans.o
                                                  build/obj/vectors.o (symbol from plugin)
                                                  C:\Users\akudo\AppData\Local\Temp\ccupDu6t.ltrans4.ltrans.o
Vector128                                         C:\Users\akudo\AppData\Local\Temp\ccupDu6t.ltrans6.ltrans.o
                                                  build/obj/vectors.o (symbol from plugin)
                                                  C:\Users\akudo\AppData\Local\Temp\ccupDu6t.ltrans4.ltrans.o
Vector12C                                         C:\Users\akudo\AppData\Local\Temp\ccupDu6t.ltrans6.ltrans.o
                                                  build/obj/vectors.o (symbol from plugin)
                                                  C:\Users\akudo\AppData\Local\Temp\ccupDu6t.ltrans4.ltrans.o
Vector130                                         C:\Users\akudo\AppData\Local\Temp\ccupDu6t.ltrans6.ltrans.o
                                                  build/obj/vectors.o (symbol from plugin)
                                                  C:\Users\akudo\AppData\Local\Temp\ccupDu6t.ltrans4.ltrans.o
Vector134                                         C:\Users\akudo\AppData\Local\Temp\ccupDu6t.ltrans6.ltrans.o
                                                  build/obj/vectors.o (symbol from plugin)
                                                  C:\Users\akudo\AppData\Local\Temp\ccupDu6t.ltrans4.ltrans.o
Vector138                                         C:\Users\akudo\AppData\Local\Temp\ccupDu6t.ltrans6.ltrans.o
                                                  build/obj/vectors.o (symbol from plugin)
                                                  C:\Users\akudo\AppData\Local\Temp\ccupDu6t.ltrans4.ltrans.o
Vector13C                                         C:\Users\akudo\AppData\Local\Temp\ccupDu6t.ltrans6.ltrans.o
                                                  build/obj/vectors.o (symbol from plugin)
                                                  C:\Users\akudo\AppData\Local\Temp\ccupDu6t.ltrans4.ltrans.o
Vector140                                         C:\Users\akudo\AppData\Local\Temp\ccupDu6t.ltrans6.ltrans.o
                                                  build/obj/vectors.o (symbol from plugin)
                                                  C:\Users\akudo\AppData\Local\Temp\ccupDu6t.ltrans4.ltrans.o
Vector144                                         C:\Users\akudo\AppData\Local\Temp\ccupDu6t.ltrans6.ltrans.o
                                                  build/obj/vectors.o (symbol from plugin)
                                                  C:\Users\akudo\AppData\Local\Temp\ccupDu6t.ltrans4.ltrans.o
Vector148                                         C:\Users\akudo\AppData\Local\Temp\ccupDu6t.ltrans6.ltrans.o
                                                  build/obj/vectors.o (symbol from plugin)
                                                  C:\Users\akudo\AppData\Local\Temp\ccupDu6t.ltrans4.ltrans.o
Vector14C                                         C:\Users\akudo\AppData\Local\Temp\ccupDu6t.ltrans6.ltrans.o
                                                  build/obj/vectors.o (symbol from plugin)
                                                  C:\Users\akudo\AppData\Local\Temp\ccupDu6t.ltrans4.ltrans.o
Vector150                                         C:\Users\akudo\AppData\Local\Temp\ccupDu6t.ltrans6.ltrans.o
                                                  build/obj/vectors.o (symbol from plugin)
                                                  C:\Users\akudo\AppData\Local\Temp\ccupDu6t.ltrans4.ltrans.o
Vector154                                         C:\Users\akudo\AppData\Local\Temp\ccupDu6t.ltrans6.ltrans.o